Archive member included to satisfy reference by file (symbol)

/home/freitas/.pico-sdk/toolchain/13_2_Rel1/bin/../lib/gcc/arm-none-eabi/13.2.1/thumb/v6-m/nofp/libgcc.a(_dvmd_tls.o)
                              CMakeFiles/Prj_Afinador.dir/home/freitas/.pico-sdk/sdk/1.5.1/src/rp2_common/pico_divider/divider.S.obj (__aeabi_idiv0)
/home/freitas/.pico-sdk/toolchain/13_2_Rel1/bin/../lib/gcc/arm-none-eabi/13.2.1/../../../../arm-none-eabi/lib/thumb/v6-m/nofp/libc.a(libc_a-malloc.o)
                              CMakeFiles/Prj_Afinador.dir/home/freitas/.pico-sdk/sdk/1.5.1/src/rp2_common/pico_malloc/pico_malloc.c.obj (malloc)
/home/freitas/.pico-sdk/toolchain/13_2_Rel1/bin/../lib/gcc/arm-none-eabi/13.2.1/../../../../arm-none-eabi/lib/thumb/v6-m/nofp/libc.a(libc_a-mallocr.o)
                              /home/freitas/.pico-sdk/toolchain/13_2_Rel1/bin/../lib/gcc/arm-none-eabi/13.2.1/../../../../arm-none-eabi/lib/thumb/v6-m/nofp/libc.a(libc_a-malloc.o) (_malloc_r)
/home/freitas/.pico-sdk/toolchain/13_2_Rel1/bin/../lib/gcc/arm-none-eabi/13.2.1/../../../../arm-none-eabi/lib/thumb/v6-m/nofp/libc.a(libc_a-init.o)
                              /home/freitas/.pico-sdk/toolchain/13_2_Rel1/bin/../lib/gcc/arm-none-eabi/13.2.1/../../../../arm-none-eabi/lib/thumb/v6-m/nofp/crt0.o (__libc_init_array)
/home/freitas/.pico-sdk/toolchain/13_2_Rel1/bin/../lib/gcc/arm-none-eabi/13.2.1/../../../../arm-none-eabi/lib/thumb/v6-m/nofp/libc.a(libc_a-sysconf.o)
                              /home/freitas/.pico-sdk/toolchain/13_2_Rel1/bin/../lib/gcc/arm-none-eabi/13.2.1/../../../../arm-none-eabi/lib/thumb/v6-m/nofp/libc.a(libc_a-mallocr.o) (sysconf)
/home/freitas/.pico-sdk/toolchain/13_2_Rel1/bin/../lib/gcc/arm-none-eabi/13.2.1/../../../../arm-none-eabi/lib/thumb/v6-m/nofp/libc.a(libc_a-mlock.o)
                              /home/freitas/.pico-sdk/toolchain/13_2_Rel1/bin/../lib/gcc/arm-none-eabi/13.2.1/../../../../arm-none-eabi/lib/thumb/v6-m/nofp/libc.a(libc_a-mallocr.o) (__malloc_lock)
/home/freitas/.pico-sdk/toolchain/13_2_Rel1/bin/../lib/gcc/arm-none-eabi/13.2.1/../../../../arm-none-eabi/lib/thumb/v6-m/nofp/libc.a(libc_a-calloc.o)
                              CMakeFiles/Prj_Afinador.dir/home/freitas/.pico-sdk/sdk/1.5.1/src/rp2_common/pico_malloc/pico_malloc.c.obj (calloc)
/home/freitas/.pico-sdk/toolchain/13_2_Rel1/bin/../lib/gcc/arm-none-eabi/13.2.1/../../../../arm-none-eabi/lib/thumb/v6-m/nofp/libc.a(libc_a-callocr.o)
                              /home/freitas/.pico-sdk/toolchain/13_2_Rel1/bin/../lib/gcc/arm-none-eabi/13.2.1/../../../../arm-none-eabi/lib/thumb/v6-m/nofp/libc.a(libc_a-calloc.o) (_calloc_r)
/home/freitas/.pico-sdk/toolchain/13_2_Rel1/bin/../lib/gcc/arm-none-eabi/13.2.1/../../../../arm-none-eabi/lib/thumb/v6-m/nofp/libc.a(libc_a-realloc.o)
                              CMakeFiles/Prj_Afinador.dir/home/freitas/.pico-sdk/sdk/1.5.1/src/rp2_common/pico_malloc/pico_malloc.c.obj (realloc)
/home/freitas/.pico-sdk/toolchain/13_2_Rel1/bin/../lib/gcc/arm-none-eabi/13.2.1/../../../../arm-none-eabi/lib/thumb/v6-m/nofp/libc.a(libc_a-ctype_.o)
                              CMakeFiles/Prj_Afinador.dir/inc/ssd1306_i2c.c.obj (_ctype_)
/home/freitas/.pico-sdk/toolchain/13_2_Rel1/bin/../lib/gcc/arm-none-eabi/13.2.1/../../../../arm-none-eabi/lib/thumb/v6-m/nofp/libc.a(libc_a-impure.o)
                              /home/freitas/.pico-sdk/toolchain/13_2_Rel1/bin/../lib/gcc/arm-none-eabi/13.2.1/../../../../arm-none-eabi/lib/thumb/v6-m/nofp/libc.a(libc_a-malloc.o) (_impure_ptr)
/home/freitas/.pico-sdk/toolchain/13_2_Rel1/bin/../lib/gcc/arm-none-eabi/13.2.1/../../../../arm-none-eabi/lib/thumb/v6-m/nofp/libc.a(libc_a-findfp.o)
                              /home/freitas/.pico-sdk/toolchain/13_2_Rel1/bin/../lib/gcc/arm-none-eabi/13.2.1/../../../../arm-none-eabi/lib/thumb/v6-m/nofp/libc.a(libc_a-impure.o) (__sf)
/home/freitas/.pico-sdk/toolchain/13_2_Rel1/bin/../lib/gcc/arm-none-eabi/13.2.1/../../../../arm-none-eabi/lib/thumb/v6-m/nofp/libc.a(libc_a-strlen-stub.o)
                              CMakeFiles/Prj_Afinador.dir/home/freitas/.pico-sdk/sdk/1.5.1/src/rp2_common/pico_stdio/stdio.c.obj (strlen)
/home/freitas/.pico-sdk/toolchain/13_2_Rel1/bin/../lib/gcc/arm-none-eabi/13.2.1/../../../../arm-none-eabi/lib/thumb/v6-m/nofp/libc.a(libc_a-reallocr.o)
                              /home/freitas/.pico-sdk/toolchain/13_2_Rel1/bin/../lib/gcc/arm-none-eabi/13.2.1/../../../../arm-none-eabi/lib/thumb/v6-m/nofp/libc.a(libc_a-realloc.o) (_realloc_r)
/home/freitas/.pico-sdk/toolchain/13_2_Rel1/bin/../lib/gcc/arm-none-eabi/13.2.1/../../../../arm-none-eabi/lib/thumb/v6-m/nofp/libc.a(libc_a-freer.o)
                              /home/freitas/.pico-sdk/toolchain/13_2_Rel1/bin/../lib/gcc/arm-none-eabi/13.2.1/../../../../arm-none-eabi/lib/thumb/v6-m/nofp/libc.a(libc_a-malloc.o) (_free_r)
/home/freitas/.pico-sdk/toolchain/13_2_Rel1/bin/../lib/gcc/arm-none-eabi/13.2.1/../../../../arm-none-eabi/lib/thumb/v6-m/nofp/libc.a(libc_a-stdio.o)
[...]
Memory Configuration

Name             Origin             Length             Attributes
FLASH            0x10000000         0x00200000         xr
RAM              0x20000000         0x00040000         xrw
SCRATCH_X        0x20040000         0x00001000         xrw
SCRATCH_Y        0x20041000         0x00001000         xrw
*default*        0x00000000         0xffffffff

Linker script and memory map

LOAD /home/freitas/.pico-sdk/toolchain/13_2_Rel1/bin/../lib/gcc/arm-none-eabi/13.2.1/thumb/v6-m/nofp/crti.o
LOAD /home/freitas/.pico-sdk/toolchain/13_2_Rel1/bin/../lib/gcc/arm-none-eabi/13.2.1/thumb/v6-m/nofp/crtbegin.o
LOAD /home/freitas/.pico-sdk/toolchain/13_2_Rel1/bin/../lib/gcc/arm-none-eabi/13.2.1/../../../../arm-none-eabi/lib/thumb/v6-m/nofp/crt0.o

.flash_begin    0x10000000        0x0
                0x10000000                        __flash_binary_start = .

.boot2          0x10000000      0x100
                0x10000000                        __boot2_start__ = .
 *(.boot2)
 .boot2         0x10000000      0x100 /tmp/cc0V75vj.o
                0x10000100                        __boot2_end__ = .
                0x00000001                        ASSERT (((__boot2_end__ - __boot2_start__) == 0x100), ERROR: Pico second stage bootloader must be 256 bytes in size)

.text           0x10000100     0x8110
                0x10000100                        __logical_binary_start = .
 *(.vectors)
 .vectors       0x10000100       0xd4 CMakeFiles/Prj_Afinador.dir/home/freitas/.pico-sdk/sdk/1.5.1/src/rp2_common/pico_standard_link/crt0.S.obj
                0x10000100                __vectors
                0x10000100                __VECTOR_TABLE
                0x100001c0                isr_invalid
                0x100001c0                __default_isrs_start
                0x100001c2                isr_nmi
                0x100001c4                isr_hardfault
                0x100001c6                isr_svcall
                0x100001c8                isr_pendsv
                0x100001ca                isr_systick
                0x100001cc                isr_irq30
                0x100001cc                __unhandled_user_irq
                0x100001cc                isr_irq13
                0x100001cc                isr_irq27
                0x100001cc                isr_irq31
                0x100001cc                isr_irq5
                0x100001cc                isr_irq11
                0x100001cc                isr_irq23
                0x100001cc                isr_irq18
                0x100001cc                isr_irq28
                0x100001cc                isr_irq19
                0x100001cc                isr_irq0
                0x100001cc                isr_irq6
                0x100001cc                isr_irq22
                0x100001cc                isr_irq17
                0x100001cc                isr_irq14
                0x100001cc                isr_irq2
                0x100001cc                isr_irq10
                0x100001cc                isr_irq8
                0x100001cc                isr_irq24
                0x100001cc                isr_irq1
                0x100001cc                isr_irq7
                0x100001cc                isr_irq21
                0x100001cc                isr_irq20
                0x100001cc                isr_irq15
                0x100001cc                isr_irq25
                0x100001cc                isr_irq4
                0x100001cc                isr_irq16
                0x100001cc                isr_irq29
                0x100001cc                isr_irq26
                0x100001cc                __default_isrs_end
                0x100001cc                isr_irq3
                0x100001cc                isr_irq12
                0x100001cc                isr_irq9
                0x100001d2                unhandled_user_irq_num_in_r0
 *(.binary_info_header)
 .binary_info_header
                0x100001d4       0x14 CMakeFiles/Prj_Afinador.dir/home/freitas/.pico-sdk/sdk/1.5.1/src/rp2_common/pico_standard_link/crt0.S.obj
                0x100001e8                        __binary_info_header_end = .
 *(.reset)
 .reset         0x100001e8       0xa0 CMakeFiles/Prj_Afinador.dir/home/freitas/.pico-sdk/sdk/1.5.1/src/rp2_common/pico_standard_link/crt0.S.obj
                0x100001e8                _entry_point
 .reset         0x10000288       0x30 CMakeFiles/Prj_Afinador.dir/home/freitas/.pico-sdk/sdk/1.5.1/src/rp2_common/pico_standard_link/binary_info.c.obj
 *(.init)
 .init          0x100002b8        0x4 /home/freitas/.pico-sdk/toolchain/13_2_Rel1/bin/../lib/gcc/arm-none-eabi/13.2.1/thumb/v6-m/nofp/crti.o
                0x100002b8                _init
 *(EXCLUDE_FILE(*libm.a: *libc.a:*lib_a-mem*.o *libgcc.a:) .text*)
 .text.register_tm_clones
                0x100002bc       0x28 /home/freitas/.pico-sdk/toolchain/13_2_Rel1/bin/../lib/gcc/arm-none-eabi/13.2.1/thumb/v6-m/nofp/crtbegin.o
 .text.frame_dummy
                0x100002e4       0x24 /home/freitas/.pico-sdk/toolchain/13_2_Rel1/bin/../lib/gcc/arm-none-eabi/13.2.1/thumb/v6-m/nofp/crtbegin.o
 .text.ws2818b_program_init
                0x10000308       0xd0 CMakeFiles/Prj_Afinador.dir/Prj_Afinador.c.obj
                0x10000308                ws2818b_program_init
 .text.init_adc
                0x100003d8       0x74 CMakeFiles/Prj_Afinador.dir/Prj_Afinador.c.obj
                0x100003d8                init_adc
 .text.init_matriz_led
                0x1000044c       0x80 CMakeFiles/Prj_Afinador.dir/Prj_Afinador.c.obj
                0x1000044c                init_matriz_led
 .text.init_i2c
                0x100004cc       0x3c CMakeFiles/Prj_Afinador.dir/Prj_Afinador.c.obj
                0x100004cc                init_i2c
 .text.init_btn
                0x10000508       0x20 CMakeFiles/Prj_Afinador.dir/Prj_Afinador.c.obj
                0x10000508                init_btn
 .text.write_matriz_led
                0x10000528       0x50 CMakeFiles/Prj_Afinador.dir/Prj_Afinador.c.obj
                0x10000528                write_matriz_led
 .text.clear_matriz_led
                0x10000578       0x40 CMakeFiles/Prj_Afinador.dir/Prj_Afinador.c.obj
                0x10000578                clear_matriz_led
 .text.display_indicador_afinacao
                0x100005b8       0xec CMakeFiles/Prj_Afinador.dir/Prj_Afinador.c.obj
                0x100005b8                display_indicador_afinacao
 .text.display_nota
                0x100006a4      0x1a4 CMakeFiles/Prj_Afinador.dir/Prj_Afinador.c.obj
                0x100006a4                display_nota
 .text.alterar_luminosidade
                0x10000848      0x164 CMakeFiles/Prj_Afinador.dir/Prj_Afinador.c.obj
                0x10000848                alterar_luminosidade
 .text.coleta_audio
                0x100009ac      0x190 CMakeFiles/Prj_Afinador.dir/Prj_Afinador.c.obj
                0x100009ac                coleta_audio
 .text.refine_peak
                0x10000b3c       0xf4 CMakeFiles/Prj_Afinador.dir/Prj_Afinador.c.obj
                0x10000b3c                refine_peak
 .text.calculo_frequencia
                0x10000c30       0xa8 CMakeFiles/Prj_Afinador.dir/Prj_Afinador.c.obj
                0x10000c30                calculo_frequencia
 .text.afinador
                0x10000cd8      0x1cc CMakeFiles/Prj_Afinador.dir/Prj_Afinador.c.obj
                0x10000cd8                afinador
 .text.alterar_frequencia
                0x10000ea4      0x16c CMakeFiles/Prj_Afinador.dir/Prj_Afinador.c.obj
                0x10000ea4                alterar_frequencia
 .text.menu_oled
                0x10001010      0x1a0 CMakeFiles/Prj_Afinador.dir/Prj_Afinador.c.obj
                0x10001010                menu_oled
 .text.startup.main
                0x100011b0       0x60 CMakeFiles/Prj_Afinador.dir/Prj_Afinador.c.obj
                0x100011b0                main
 .text.kf_work  0x10001210     0x1674 CMakeFiles/Prj_Afinador.dir/kissfft/kiss_fft.c.obj
 .text.kiss_fft_alloc
                0x10002884      0x1b8 CMakeFiles/Prj_Afinador.dir/kissfft/kiss_fft.c.obj
                0x10002884                kiss_fft_alloc
 .text.kiss_fft
                0x10002a3c       0x54 CMakeFiles/Prj_Afinador.dir/kissfft/kiss_fft.c.obj
                0x10002a3c                kiss_fft
 .text.kiss_fftr_alloc
                0x10002a90      0x168 CMakeFiles/Prj_Afinador.dir/kissfft/kiss_fftr.c.obj
                0x10002a90                kiss_fftr_alloc
 .text.kiss_fftr
                0x10002bf8      0x170 CMakeFiles/Prj_Afinador.dir/kissfft/kiss_fftr.c.obj
                0x10002bf8                kiss_fftr
 .text.calculate_render_area_buffer_length
                0x10002d68       0x18 CMakeFiles/Prj_Afinador.dir/inc/ssd1306_i2c.c.obj
                0x10002d68                calculate_render_area_buffer_length
 .text.ssd1306_init
                0x10002d80       0x58 CMakeFiles/Prj_Afinador.dir/inc/ssd1306_i2c.c.obj
                0x10002d80                ssd1306_init
 .text.render_on_display
                0x10002dd8       0x98 CMakeFiles/Prj_Afinador.dir/inc/ssd1306_i2c.c.obj
                0x10002dd8                render_on_display
 .text.ssd1306_draw_string
                0x10002e70       0xd8 CMakeFiles/Prj_Afinador.dir/inc/ssd1306_i2c.c.obj
                0x10002e70                ssd1306_draw_string
 .text.gpio_set_function
                0x10002f48       0x30 CMakeFiles/Prj_Afinador.dir/home/freitas/.pico-sdk/sdk/1.5.1/src/rp2_common/hardware_gpio/gpio.c.obj
                0x10002f48                gpio_set_function
 .text.gpio_set_pulls
                0x10002f78       0x24 CMakeFiles/Prj_Afinador.dir/home/freitas/.pico-sdk/sdk/1.5.1/src/rp2_common/hardware_gpio/gpio.c.obj
                0x10002f78                gpio_set_pulls
 .text.gpio_set_input_enabled
                0x10002f9c       0x28 CMakeFiles/Prj_Afinador.dir/home/freitas/.pico-sdk/sdk/1.5.1/src/rp2_common/hardware_gpio/gpio.c.obj
                0x10002f9c                gpio_set_input_enabled
 .text.gpio_init
                0x10002fc4       0x3c CMakeFiles/Prj_Afinador.dir/home/freitas/.pico-sdk/sdk/1.5.1/src/rp2_common/hardware_gpio/gpio.c.obj
                0x10002fc4                gpio_init
 .text.running_on_fpga
                0x10003000       0x10 CMakeFiles/Prj_Afinador.dir/home/freitas/.pico-sdk/sdk/1.5.1/src/rp2_common/pico_platform/platform.c.obj
                0x10003000                running_on_fpga
 .text.hw_claim_lock
                0x10003010       0x18 CMakeFiles/Prj_Afinador.dir/home/freitas/.pico-sdk/sdk/1.5.1/src/rp2_common/hardware_claim/claim.c.obj
                0x10003010                hw_claim_lock
 .text.hw_claim_unlock
                0x10003028       0x14 CMakeFiles/Prj_Afinador.dir/home/freitas/.pico-sdk/sdk/1.5.1/src/rp2_common/hardware_claim/claim.c.obj
                0x10003028                hw_claim_unlock
 .text.hw_claim_or_assert
                0x1000303c       0x44 CMakeFiles/Prj_Afinador.dir/home/freitas/.pico-sdk/sdk/1.5.1/src/rp2_common/hardware_claim/claim.c.obj
                0x1000303c                hw_claim_or_assert
 .text.hw_claim_unused_from_range
                0x10003080       0x9c CMakeFiles/Prj_Afinador.dir/home/freitas/.pico-sdk/sdk/1.5.1/src/rp2_common/hardware_claim/claim.c.obj
                0x10003080                hw_claim_unused_from_range
 .text.spin_locks_reset
                0x1000311c       0x1c CMakeFiles/Prj_Afinador.dir/home/freitas/.pico-sdk/sdk/1.5.1/src/rp2_common/hardware_sync/sync.c.obj
                0x1000311c                spin_locks_reset
 .text.next_striped_spin_lock_num
                0x10003138       0x18 CMakeFiles/Prj_Afinador.dir/home/freitas/.pico-sdk/sdk/1.5.1/src/rp2_common/hardware_sync/sync.c.obj
                0x10003138                next_striped_spin_lock_num
 .text.irq_set_enabled
                0x10003150       0x24 CMakeFiles/Prj_Afinador.dir/home/freitas/.pico-sdk/sdk/1.5.1/src/rp2_common/hardware_irq/irq.c.obj
                0x10003150                irq_set_enabled
 .text.irq_get_vtable_handler
                0x10003174       0x10 CMakeFiles/Prj_Afinador.dir/home/freitas/.pico-sdk/sdk/1.5.1/src/rp2_common/hardware_irq/irq.c.obj
                0x10003174                irq_get_vtable_handler
 .text.irq_set_exclusive_handler
                0x10003184       0x54 CMakeFiles/Prj_Afinador.dir/home/freitas/.pico-sdk/sdk/1.5.1/src/rp2_common/hardware_irq/irq.c.obj
                0x10003184                irq_set_exclusive_handler
 .text.irq_remove_handler
                0x100031d8      0x1c4 CMakeFiles/Prj_Afinador.dir/home/freitas/.pico-sdk/sdk/1.5.1/src/rp2_common/hardware_irq/irq.c.obj
                0x100031d8                irq_remove_handler
 .text.irq_add_tail_to_free_list
                0x1000339c       0xb4 CMakeFiles/Prj_Afinador.dir/home/freitas/.pico-sdk/sdk/1.5.1/src/rp2_common/hardware_irq/irq.c.obj
                0x1000339c                irq_add_tail_to_free_list
 .text.irq_init_priorities
                0x10003450       0x24 CMakeFiles/Prj_Afinador.dir/home/freitas/.pico-sdk/sdk/1.5.1/src/rp2_common/hardware_irq/irq.c.obj
                0x10003450                irq_init_priorities
 .text.lock_init
                0x10003474       0x10 CMakeFiles/Prj_Afinador.dir/home/freitas/.pico-sdk/sdk/1.5.1/src/common/pico_sync/lock_core.c.obj
                0x10003474                lock_init
 .text.mutex_init
                0x10003484       0x1c CMakeFiles/Prj_Afinador.dir/home/freitas/.pico-sdk/sdk/1.5.1/src/common/pico_sync/mutex.c.obj
                0x10003484                mutex_init
 .text.recursive_mutex_init
                0x100034a0       0x1c CMakeFiles/Prj_Afinador.dir/home/freitas/.pico-sdk/sdk/1.5.1/src/common/pico_sync/mutex.c.obj
                0x100034a0                recursive_mutex_init
 .text.timer_pool_entry_comparator
                0x100034bc       0x34 CMakeFiles/Prj_Afinador.dir/home/freitas/.pico-sdk/sdk/1.5.1/src/common/pico_time/time.c.obj
                0x100034bc                timer_pool_entry_comparator
 .text.sleep_until_callback
                0x100034f0       0x30 CMakeFiles/Prj_Afinador.dir/home/freitas/.pico-sdk/sdk/1.5.1/src/common/pico_time/time.c.obj
 .text.add_alarm_under_lock.isra.0
                0x10003520      0x100 CMakeFiles/Prj_Afinador.dir/home/freitas/.pico-sdk/sdk/1.5.1/src/common/pico_time/time.c.obj
 .text.alarm_pool_alarm_callback
                0x10003620      0x1c0 CMakeFiles/Prj_Afinador.dir/home/freitas/.pico-sdk/sdk/1.5.1/src/common/pico_time/time.c.obj
 .text.alarm_pool_init_default
                0x100037e0       0x6c CMakeFiles/Prj_Afinador.dir/home/freitas/.pico-sdk/sdk/1.5.1/src/common/pico_time/time.c.obj
                0x100037e0                alarm_pool_init_default
 .text.alarm_pool_add_alarm_at
                0x1000384c      0x17c CMakeFiles/Prj_Afinador.dir/home/freitas/.pico-sdk/sdk/1.5.1/src/common/pico_time/time.c.obj
                0x1000384c                alarm_pool_add_alarm_at
 .text.sleep_until
                0x100039c8       0xc4 CMakeFiles/Prj_Afinador.dir/home/freitas/.pico-sdk/sdk/1.5.1/src/common/pico_time/time.c.obj
                0x100039c8                sleep_until
 .text.sleep_us
                0x10003a8c       0x28 CMakeFiles/Prj_Afinador.dir/home/freitas/.pico-sdk/sdk/1.5.1/src/common/pico_time/time.c.obj
                0x10003a8c                sleep_us
 .text.sleep_ms
                0x10003ab4       0x38 CMakeFiles/Prj_Afinador.dir/home/freitas/.pico-sdk/sdk/1.5.1/src/common/pico_time/time.c.obj
                0x10003ab4                sleep_ms
 .text.best_effort_wfe_or_timeout
                0x10003aec       0xcc CMakeFiles/Prj_Afinador.dir/home/freitas/.pico-sdk/sdk/1.5.1/src/common/pico_time/time.c.obj
                0x10003aec                best_effort_wfe_or_timeout
 .text.hardware_alarm_irq_handler
                0x10003bb8       0xbc CMakeFiles/Prj_Afinador.dir/home/freitas/.pico-sdk/sdk/1.5.1/src/rp2_common/hardware_timer/timer.c.obj
 .text.hardware_alarm_claim
                0x10003c74       0x18 CMakeFiles/Prj_Afinador.dir/home/freitas/.pico-sdk/sdk/1.5.1/src/rp2_common/hardware_timer/timer.c.obj
                0x10003c74                hardware_alarm_claim
 .text.time_us_64
                0x10003c8c       0x14 CMakeFiles/Prj_Afinador.dir/home/freitas/.pico-sdk/sdk/1.5.1/src/rp2_common/hardware_timer/timer.c.obj
                0x10003c8c                time_us_64
 .text.busy_wait_until
                0x10003ca0       0x20 CMakeFiles/Prj_Afinador.dir/home/freitas/.pico-sdk/sdk/1.5.1/src/rp2_common/hardware_timer/timer.c.obj
                0x10003ca0                busy_wait_until
 .text.hardware_alarm_set_callback
                0x10003cc0       0x8c CMakeFiles/Prj_Afinador.dir/home/freitas/.pico-sdk/sdk/1.5.1/src/rp2_common/hardware_timer/timer.c.obj
                0x10003cc0                hardware_alarm_set_callback
 .text.hardware_alarm_set_target
                0x10003d4c       0xd0 CMakeFiles/Prj_Afinador.dir/home/freitas/.pico-sdk/sdk/1.5.1/src/rp2_common/hardware_timer/timer.c.obj
                0x10003d4c                hardware_alarm_set_target
 .text.hardware_alarm_cancel
                0x10003e1c       0x3c CMakeFiles/Prj_Afinador.dir/home/freitas/.pico-sdk/sdk/1.5.1/src/rp2_common/hardware_timer/timer.c.obj
                0x10003e1c                hardware_alarm_cancel
 .text.ph_merge_nodes
                0x10003e58       0x58 CMakeFiles/Prj_Afinador.dir/home/freitas/.pico-sdk/sdk/1.5.1/src/common/pico_util/pheap.c.obj
 .text.ph_post_alloc_init
                0x10003eb0       0x3c CMakeFiles/Prj_Afinador.dir/home/freitas/.pico-sdk/sdk/1.5.1/src/common/pico_util/pheap.c.obj
                0x10003eb0                ph_post_alloc_init
 .text.ph_merge_two_pass
                0x10003eec       0x8c CMakeFiles/Prj_Afinador.dir/home/freitas/.pico-sdk/sdk/1.5.1/src/common/pico_util/pheap.c.obj
                0x10003eec                ph_merge_two_pass
 .text.ph_remove_any_head
                0x10003f78      0x100 CMakeFiles/Prj_Afinador.dir/home/freitas/.pico-sdk/sdk/1.5.1/src/common/pico_util/pheap.c.obj
 .text.ph_remove_head
                0x10004078      0x104 CMakeFiles/Prj_Afinador.dir/home/freitas/.pico-sdk/sdk/1.5.1/src/common/pico_util/pheap.c.obj
                0x10004078                ph_remove_head
 .text.ph_remove_and_free_node
                0x1000417c       0x78 CMakeFiles/Prj_Afinador.dir/home/freitas/.pico-sdk/sdk/1.5.1/src/common/pico_util/pheap.c.obj
                0x1000417c                ph_remove_and_free_node
 .text.clocks_init
                0x100041f4      0x2c8 CMakeFiles/Prj_Afinador.dir/home/freitas/.pico-sdk/sdk/1.5.1/src/rp2_common/hardware_clocks/clocks.c.obj
                0x100041f4                clocks_init
 .text.clock_get_hz
                0x100044bc        0xc CMakeFiles/Prj_Afinador.dir/home/freitas/.pico-sdk/sdk/1.5.1/src/rp2_common/hardware_clocks/clocks.c.obj
                0x100044bc                clock_get_hz
 .text.pll_init
                0x100044c8       0xa4 CMakeFiles/Prj_Afinador.dir/home/freitas/.pico-sdk/sdk/1.5.1/src/rp2_common/hardware_pll/pll.c.obj
                0x100044c8                pll_init
 .text.watchdog_start_tick
                0x1000456c       0x10 CMakeFiles/Prj_Afinador.dir/home/freitas/.pico-sdk/sdk/1.5.1/src/rp2_common/hardware_watchdog/watchdog.c.obj
                0x1000456c                watchdog_start_tick
 .text.xosc_init
                0x1000457c       0x28 CMakeFiles/Prj_Afinador.dir/home/freitas/.pico-sdk/sdk/1.5.1/src/rp2_common/hardware_xosc/xosc.c.obj
                0x1000457c                xosc_init
 .text.runtime_init
                0x100045a4       0xf0 CMakeFiles/Prj_Afinador.dir/home/freitas/.pico-sdk/sdk/1.5.1/src/rp2_common/pico_runtime/runtime.c.obj
                0x100045a4                runtime_init
 .text._exit    0x10004694        0x4 CMakeFiles/Prj_Afinador.dir/home/freitas/.pico-sdk/sdk/1.5.1/src/rp2_common/pico_runtime/runtime.c.obj
                0x10004694                _exit
 .text._sbrk    0x10004698       0x34 CMakeFiles/Prj_Afinador.dir/home/freitas/.pico-sdk/sdk/1.5.1/src/rp2_common/pico_runtime/runtime.c.obj
                0x10004698                _sbrk
 .text.exit     0x100046cc        0x8 CMakeFiles/Prj_Afinador.dir/home/freitas/.pico-sdk/sdk/1.5.1/src/rp2_common/pico_runtime/runtime.c.obj
                0x100046cc                exit
 .text.panic    0x100046d4       0x30 CMakeFiles/Prj_Afinador.dir/home/freitas/.pico-sdk/sdk/1.5.1/src/rp2_common/pico_runtime/runtime.c.obj
                0x100046d4                panic
 .text.hard_assertion_failure
                0x10004704        0xc CMakeFiles/Prj_Afinador.dir/home/freitas/.pico-sdk/sdk/1.5.1/src/rp2_common/pico_runtime/runtime.c.obj
                0x10004704                hard_assertion_failure
 .text._out_buffer
                0x10004710        0x8 CMakeFiles/Prj_Afinador.dir/home/freitas/.pico-sdk/sdk/1.5.1/src/rp2_common/pico_printf/printf.c.obj
 .text._out_null
                0x10004718        0x4 CMakeFiles/Prj_Afinador.dir/home/freitas/.pico-sdk/sdk/1.5.1/src/rp2_common/pico_printf/printf.c.obj
 .text._out_rev
                0x1000471c       0xac CMakeFiles/Prj_Afinador.dir/home/freitas/.pico-sdk/sdk/1.5.1/src/rp2_common/pico_printf/printf.c.obj
 .text._ntoa_format
                0x100047c8      0x250 CMakeFiles/Prj_Afinador.dir/home/freitas/.pico-sdk/sdk/1.5.1/src/rp2_common/pico_printf/printf.c.obj
 .text._out_char
                0x10004a18       0x10 CMakeFiles/Prj_Afinador.dir/home/freitas/.pico-sdk/sdk/1.5.1/src/rp2_common/pico_printf/printf.c.obj
 .text._etoa    0x10004a28      0x464 CMakeFiles/Prj_Afinador.dir/home/freitas/.pico-sdk/sdk/1.5.1/src/rp2_common/pico_printf/printf.c.obj
 .text._ftoa    0x10004e8c      0x3c0 CMakeFiles/Prj_Afinador.dir/home/freitas/.pico-sdk/sdk/1.5.1/src/rp2_common/pico_printf/printf.c.obj
 .text._vsnprintf
                0x1000524c      0xbc8 CMakeFiles/Prj_Afinador.dir/home/freitas/.pico-sdk/sdk/1.5.1/src/rp2_common/pico_printf/printf.c.obj
 .text.__wrap_snprintf
                0x10005e14       0x28 CMakeFiles/Prj_Afinador.dir/home/freitas/.pico-sdk/sdk/1.5.1/src/rp2_common/pico_printf/printf.c.obj
                0x10005e14                __wrap_snprintf
 .text.weak_raw_vprintf
                0x10005e3c       0x30 CMakeFiles/Prj_Afinador.dir/home/freitas/.pico-sdk/sdk/1.5.1/src/rp2_common/pico_printf/printf.c.obj
                0x10005e3c                weak_raw_vprintf
 .text          0x10005e6c       0x10 CMakeFiles/Prj_Afinador.dir/home/freitas/.pico-sdk/sdk/1.5.1/src/rp2_common/pico_bit_ops/bit_ops_aeabi.S.obj
 .text.rom_func_lookup
                0x10005e7c       0x10 CMakeFiles/Prj_Afinador.dir/home/freitas/.pico-sdk/sdk/1.5.1/src/rp2_common/pico_bootrom/bootrom.c.obj
                0x10005e7c                rom_func_lookup
 .text.rom_data_lookup
                0x10005e8c       0x10 CMakeFiles/Prj_Afinador.dir/home/freitas/.pico-sdk/sdk/1.5.1/src/rp2_common/pico_bootrom/bootrom.c.obj
                0x10005e8c                rom_data_lookup
 .text.rom_funcs_lookup
                0x10005e9c       0x44 CMakeFiles/Prj_Afinador.dir/home/freitas/.pico-sdk/sdk/1.5.1/src/rp2_common/pico_bootrom/bootrom.c.obj
                0x10005e9c                rom_funcs_lookup
 .text.__wrap___aeabi_idiv
                0x10005ee0       0x50 CMakeFiles/Prj_Afinador.dir/home/freitas/.pico-sdk/sdk/1.5.1/src/rp2_common/pico_divider/divider.S.obj
                0x10005ee0                __wrap___aeabi_idivmod
                0x10005ee0                divmod_s32s32
                0x10005ee0                div_s32s32
                0x10005ee0                __wrap___aeabi_idiv
                0x10005ee8                divmod_s32s32_unsafe
                0x10005f14                divmod_s32s32_savestate
 .text.__wrap___aeabi_uidiv
                0x10005f30       0x4c CMakeFiles/Prj_Afinador.dir/home/freitas/.pico-sdk/sdk/1.5.1/src/rp2_common/pico_divider/divider.S.obj
                0x10005f30                __wrap___aeabi_uidiv
                0x10005f30                __wrap___aeabi_uidivmod
                0x10005f30                div_u32u32
                0x10005f30                divmod_u32u32
                0x10005f38                divmod_u32u32_unsafe
                0x10005f60                divmod_u32u32_savestate
 .text.__wrap___aeabi_ldiv
                0x10005f7c      0x424 CMakeFiles/Prj_Afinador.dir/home/freitas/.pico-sdk/sdk/1.5.1/src/rp2_common/pico_divider/divider.S.obj
                0x10005f7c                div_s64s64
                0x10005f7c                divmod_s64s64
                0x10005f7c                __wrap___aeabi_ldivmod
                0x10005fac                div_u64u64
                0x10005fac                divmod_u64u64
                0x10005fac                __wrap___aeabi_uldivmod
                0x10005fbc                divmod_u64u64_savestate
                0x10005fdc                divmod_s64s64_unsafe
                0x10006064                divmod_u64u64_unsafe
 .text.__wrap___aeabi_darithmetic
                0x100063a0       0x60 CMakeFiles/Prj_Afinador.dir/home/freitas/.pico-sdk/sdk/1.5.1/src/rp2_common/pico_double/double_aeabi.S.obj
                0x100063a0                __wrap___aeabi_drsub
                0x100063a6                __wrap___aeabi_dsub
                0x100063b0                __wrap___aeabi_dadd
                0x100063ba                __wrap___aeabi_ddiv
                0x100063ee                __wrap___aeabi_dmul
 .text.__wrap___aeabi_cdcmple
                0x10006400       0x6c CMakeFiles/Prj_Afinador.dir/home/freitas/.pico-sdk/sdk/1.5.1/src/rp2_common/pico_double/double_aeabi.S.obj
                0x10006400                __wrap___aeabi_cdrcmple
                0x10006410                __wrap___aeabi_cdcmple
                0x10006410                __wrap___aeabi_cdcmpeq
 .text.__wrap___aeabi_dcmplt
                0x1000646c        0xc CMakeFiles/Prj_Afinador.dir/home/freitas/.pico-sdk/sdk/1.5.1/src/rp2_common/pico_double/double_aeabi.S.obj
                0x1000646c                __wrap___aeabi_dcmplt
 .text.__wrap___aeabi_dcmpge
                0x10006478       0x10 CMakeFiles/Prj_Afinador.dir/home/freitas/.pico-sdk/sdk/1.5.1/src/rp2_common/pico_double/double_aeabi.S.obj
                0x10006478                __wrap___aeabi_dcmpge
 .text.__wrap___aeabi_dcmpgt
                0x10006488        0xa CMakeFiles/Prj_Afinador.dir/home/freitas/.pico-sdk/sdk/1.5.1/src/rp2_common/pico_double/double_aeabi.S.obj
                0x10006488                __wrap___aeabi_dcmpgt
 .text.__wrap___aeabi_dcmpun
                0x10006492       0x1c CMakeFiles/Prj_Afinador.dir/home/freitas/.pico-sdk/sdk/1.5.1/src/rp2_common/pico_double/double_aeabi.S.obj
                0x10006492                __wrap___aeabi_dcmpun
 *fill*         0x100064ae        0x2 
 .text.__wrap___aeabi_i2d
                0x100064b0       0x38 CMakeFiles/Prj_Afinador.dir/home/freitas/.pico-sdk/sdk/1.5.1/src/rp2_common/pico_double/double_aeabi.S.obj
                0x100064b0                __wrap___aeabi_ui2d
                0x100064b8                __wrap___aeabi_i2d
 .text.__wrap___aeabi_d2iz
                0x100064e8       0x48 CMakeFiles/Prj_Afinador.dir/home/freitas/.pico-sdk/sdk/1.5.1/src/rp2_common/pico_double/double_aeabi.S.obj
                0x100064e8                __wrap___aeabi_d2iz
                0x100064e8                double2int_z
 .text.__wrap___aeabi_d2uiz
                0x10006530       0x10 CMakeFiles/Prj_Afinador.dir/home/freitas/.pico-sdk/sdk/1.5.1/src/rp2_common/pico_double/double_aeabi.S.obj
                0x10006530                double2uint
                0x10006530                __wrap___aeabi_d2uiz
 .text.fix642double
                0x10006540       0x10 CMakeFiles/Prj_Afinador.dir/home/freitas/.pico-sdk/sdk/1.5.1/src/rp2_common/pico_double/double_aeabi.S.obj
                0x10006540                fix642double
 .text.__wrap___aeabi_d2f
                0x10006550       0x10 CMakeFiles/Prj_Afinador.dir/home/freitas/.pico-sdk/sdk/1.5.1/src/rp2_common/pico_double/double_aeabi.S.obj
                0x10006550                __wrap___aeabi_d2f
 .text.__wrap_srqt
                0x10006560       0x10 CMakeFiles/Prj_Afinador.dir/home/freitas/.pico-sdk/sdk/1.5.1/src/rp2_common/pico_double/double_aeabi.S.obj
                0x10006560                __wrap_sqrt
 .text.__wrap_sincostan_remainder
                0x10006570       0x14 CMakeFiles/Prj_Afinador.dir/home/freitas/.pico-sdk/sdk/1.5.1/src/rp2_common/pico_double/double_aeabi.S.obj
                0x10006570                sincostan_remainder
 .text.__wrap_cos
                0x10006584       0x24 CMakeFiles/Prj_Afinador.dir/home/freitas/.pico-sdk/sdk/1.5.1/src/rp2_common/pico_double/double_aeabi.S.obj
                0x10006584                __wrap_cos
 .text.__wrap_sin
                0x100065a8       0x24 CMakeFiles/Prj_Afinador.dir/home/freitas/.pico-sdk/sdk/1.5.1/src/rp2_common/pico_double/double_aeabi.S.obj
                0x100065a8                __wrap_sin
 .text.__wrap_exp
                0x100065cc       0x10 CMakeFiles/Prj_Afinador.dir/home/freitas/.pico-sdk/sdk/1.5.1/src/rp2_common/pico_double/double_aeabi.S.obj
                0x100065cc                __wrap_exp
 .text.__wrap_log
                0x100065dc       0x10 CMakeFiles/Prj_Afinador.dir/home/freitas/.pico-sdk/sdk/1.5.1/src/rp2_common/pico_double/double_aeabi.S.obj
                0x100065dc                __wrap_log
 .text.missing_double_func_shim
                0x100065ec        0xc CMakeFiles/Prj_Afinador.dir/home/freitas/.pico-sdk/sdk/1.5.1/src/rp2_common/pico_double/double_init_rom.c.obj
 .text.__aeabi_double_init
                0x100065f8       0x94 CMakeFiles/Prj_Afinador.dir/home/freitas/.pico-sdk/sdk/1.5.1/src/rp2_common/pico_double/double_init_rom.c.obj
                0x100065f8                __aeabi_double_init
 .text.__wrap_round
                0x1000668c       0x9c CMakeFiles/Prj_Afinador.dir/home/freitas/.pico-sdk/sdk/1.5.1/src/rp2_common/pico_double/double_math.c.obj
                0x1000668c                __wrap_round
 .text.__wrap_floor
                0x10006728       0x90 CMakeFiles/Prj_Afinador.dir/home/freitas/.pico-sdk/sdk/1.5.1/src/rp2_common/pico_double/double_math.c.obj
                0x10006728                __wrap_floor
 .text.__wrap_remquo
                0x100067b8      0x27c CMakeFiles/Prj_Afinador.dir/home/freitas/.pico-sdk/sdk/1.5.1/src/rp2_common/pico_double/double_math.c.obj
                0x100067b8                __wrap_remquo
 .text.__wrap_remainder
                0x10006a34       0x10 CMakeFiles/Prj_Afinador.dir/home/freitas/.pico-sdk/sdk/1.5.1/src/rp2_common/pico_double/double_math.c.obj
                0x10006a34                __wrap_remainder
 .text.double_table_shim_on_use_helper
                0x10006a44       0x2c CMakeFiles/Prj_Afinador.dir/home/freitas/.pico-sdk/sdk/1.5.1/src/rp2_common/pico_double/double_v1_rom_shim.S.obj
                0x10006a44                double_table_shim_on_use_helper
 .text.__aeabi_lmul
                0x10006a70       0x32 CMakeFiles/Prj_Afinador.dir/home/freitas/.pico-sdk/sdk/1.5.1/src/rp2_common/pico_int64_ops/pico_int64_ops_aeabi.S.obj
                0x10006a70                __wrap___aeabi_lmul
 *fill*         0x10006aa2        0x2 
 .text.__wrap___aeabi_farithmetic
                0x10006aa4       0x48 CMakeFiles/Prj_Afinador.dir/home/freitas/.pico-sdk/sdk/1.5.1/src/rp2_common/pico_float/float_aeabi.S.obj
                0x10006aa4                __wrap___aeabi_frsub
                0x10006aaa                __wrap___aeabi_fsub
                0x10006ab0                __wrap___aeabi_fadd
                0x10006ab6                __wrap___aeabi_fdiv
                0x10006ade                __wrap___aeabi_fmul
 .text.__wrap___aeabi_cfcmple
                0x10006aec       0x50 CMakeFiles/Prj_Afinador.dir/home/freitas/.pico-sdk/sdk/1.5.1/src/rp2_common/pico_float/float_aeabi.S.obj
                0x10006aec                __wrap___aeabi_cfrcmple
                0x10006af8                __wrap___aeabi_cfcmpeq
                0x10006af8                __wrap___aeabi_cfcmple
 .text.__wrap___aeabi_fcmpeq
                0x10006b3c       0x10 CMakeFiles/Prj_Afinador.dir/home/freitas/.pico-sdk/sdk/1.5.1/src/rp2_common/pico_float/float_aeabi.S.obj
                0x10006b3c                __wrap___aeabi_fcmpeq
 .text.__wrap___aeabi_fcmplt
                0x10006b4c        0xc CMakeFiles/Prj_Afinador.dir/home/freitas/.pico-sdk/sdk/1.5.1/src/rp2_common/pico_float/float_aeabi.S.obj
                0x10006b4c                __wrap___aeabi_fcmplt
 .text.__wrap___aeabi_fcmple
                0x10006b58       0x10 CMakeFiles/Prj_Afinador.dir/home/freitas/.pico-sdk/sdk/1.5.1/src/rp2_common/pico_float/float_aeabi.S.obj
                0x10006b58                __wrap___aeabi_fcmple
 .text.__wrap___aeabi_fcmpge
                0x10006b68       0x10 CMakeFiles/Prj_Afinador.dir/home/freitas/.pico-sdk/sdk/1.5.1/src/rp2_common/pico_float/float_aeabi.S.obj
                0x10006b68                __wrap___aeabi_fcmpge
 .text.__wrap___aeabi_fcmpgt
                0x10006b78        0xa CMakeFiles/Prj_Afinador.dir/home/freitas/.pico-sdk/sdk/1.5.1/src/rp2_common/pico_float/float_aeabi.S.obj
                0x10006b78                __wrap___aeabi_fcmpgt
 .text.__wrap___aeabi_ui2f
                0x10006b82        0xa CMakeFiles/Prj_Afinador.dir/home/freitas/.pico-sdk/sdk/1.5.1/src/rp2_common/pico_float/float_aeabi.S.obj
                0x10006b82                __wrap___aeabi_ui2f
 .text.__wrap___aeabi_i2f
                0x10006b8c       0x44 CMakeFiles/Prj_Afinador.dir/home/freitas/.pico-sdk/sdk/1.5.1/src/rp2_common/pico_float/float_aeabi.S.obj
                0x10006b8c                __wrap___aeabi_i2f
 .text.__wrap___aeabi_f2iz
                0x10006bd0       0x4e CMakeFiles/Prj_Afinador.dir/home/freitas/.pico-sdk/sdk/1.5.1/src/rp2_common/pico_float/float_aeabi.S.obj
                0x10006bd0                __wrap___aeabi_f2iz
                0x10006bd0                float2int_z
 *fill*         0x10006c1e        0x2 
 .text.float2int
                0x10006c20        0xc CMakeFiles/Prj_Afinador.dir/home/freitas/.pico-sdk/sdk/1.5.1/src/rp2_common/pico_float/float_aeabi.S.obj
                0x10006c20                float2int
 .text.__wrap___aeabi_f2uiz
                0x10006c2c        0xc CMakeFiles/Prj_Afinador.dir/home/freitas/.pico-sdk/sdk/1.5.1/src/rp2_common/pico_float/float_aeabi.S.obj
                0x10006c2c                __wrap___aeabi_f2uiz
 .text.fix2float
                0x10006c38        0xc CMakeFiles/Prj_Afinador.dir/home/freitas/.pico-sdk/sdk/1.5.1/src/rp2_common/pico_float/float_aeabi.S.obj
                0x10006c38                fix2float
 .text.__wrap___aeabi_l2f
                0x10006c44       0x18 CMakeFiles/Prj_Afinador.dir/home/freitas/.pico-sdk/sdk/1.5.1/src/rp2_common/pico_float/float_aeabi.S.obj
                0x10006c48                __wrap___aeabi_l2f
 .text.__wrap___aeabi_f2d
                0x10006c5c        0xc CMakeFiles/Prj_Afinador.dir/home/freitas/.pico-sdk/sdk/1.5.1/src/rp2_common/pico_float/float_aeabi.S.obj
                0x10006c5c                __wrap___aeabi_f2d
 .text.__wrap_sqrtf
                0x10006c68        0xc CMakeFiles/Prj_Afinador.dir/home/freitas/.pico-sdk/sdk/1.5.1/src/rp2_common/pico_float/float_aeabi.S.obj
                0x10006c68                __wrap_sqrtf
 .text.__wrap_cosf
                0x10006c74       0x24 CMakeFiles/Prj_Afinador.dir/home/freitas/.pico-sdk/sdk/1.5.1/src/rp2_common/pico_float/float_aeabi.S.obj
                0x10006c74                __wrap_cosf
 .text.missing_float_func_shim
                0x10006c98        0xc CMakeFiles/Prj_Afinador.dir/home/freitas/.pico-sdk/sdk/1.5.1/src/rp2_common/pico_float/float_init_rom.c.obj
 .text.__aeabi_float_init
                0x10006ca4       0x5c CMakeFiles/Prj_Afinador.dir/home/freitas/.pico-sdk/sdk/1.5.1/src/rp2_common/pico_float/float_init_rom.c.obj
                0x10006ca4                __aeabi_float_init
 .text.fpow_int2
                0x10006d00       0xb8 CMakeFiles/Prj_Afinador.dir/home/freitas/.pico-sdk/sdk/1.5.1/src/rp2_common/pico_float/float_math.c.obj
 .text.fpow_0   0x10006db8       0xfc CMakeFiles/Prj_Afinador.dir/home/freitas/.pico-sdk/sdk/1.5.1/src/rp2_common/pico_float/float_math.c.obj
 .text.__wrap_powf
                0x10006eb4      0x198 CMakeFiles/Prj_Afinador.dir/home/freitas/.pico-sdk/sdk/1.5.1/src/rp2_common/pico_float/float_math.c.obj
                0x10006eb4                __wrap_powf
 .text.__wrap_remquof
                0x1000704c      0x144 CMakeFiles/Prj_Afinador.dir/home/freitas/.pico-sdk/sdk/1.5.1/src/rp2_common/pico_float/float_math.c.obj
                0x1000704c                __wrap_remquof
 .text.__wrap_remainderf
                0x10007190        0xc CMakeFiles/Prj_Afinador.dir/home/freitas/.pico-sdk/sdk/1.5.1/src/rp2_common/pico_float/float_math.c.obj
                0x10007190                __wrap_remainderf
 .text.__wrap_malloc
                0x1000719c       0x24 CMakeFiles/Prj_Afinador.dir/home/freitas/.pico-sdk/sdk/1.5.1/src/rp2_common/pico_malloc/pico_malloc.c.obj
                0x1000719c                __wrap_malloc
 .text.__wrap_free
                0x100071c0        0x8 CMakeFiles/Prj_Afinador.dir/home/freitas/.pico-sdk/sdk/1.5.1/src/rp2_common/pico_malloc/pico_malloc.c.obj
                0x100071c0                __wrap_free
 .text          0x100071c8       0x10 CMakeFiles/Prj_Afinador.dir/home/freitas/.pico-sdk/sdk/1.5.1/src/rp2_common/pico_mem_ops/mem_ops_aeabi.S.obj
                0x100071c8                __aeabi_mem_init
 .text.memset   0x100071d8        0xc CMakeFiles/Prj_Afinador.dir/home/freitas/.pico-sdk/sdk/1.5.1/src/rp2_common/pico_mem_ops/mem_ops_aeabi.S.obj
                0x100071d8                __wrap_memset
 .text.memcpy   0x100071e4        0xc CMakeFiles/Prj_Afinador.dir/home/freitas/.pico-sdk/sdk/1.5.1/src/rp2_common/pico_mem_ops/mem_ops_aeabi.S.obj
                0x100071e4                __wrap___aeabi_memcpy
                0x100071e4                __wrap_memcpy
 .text.stdio_out_chars_crlf
                0x100071f0       0x94 CMakeFiles/Prj_Afinador.dir/home/freitas/.pico-sdk/sdk/1.5.1/src/rp2_common/pico_stdio/stdio.c.obj
 .text.__wrap_putchar
                0x10007284       0x98 CMakeFiles/Prj_Afinador.dir/home/freitas/.pico-sdk/sdk/1.5.1/src/rp2_common/pico_stdio/stdio.c.obj
                0x10007284                __wrap_putchar
 .text.__wrap_puts
                0x1000731c       0xe0 CMakeFiles/Prj_Afinador.dir/home/freitas/.pico-sdk/sdk/1.5.1/src/rp2_common/pico_stdio/stdio.c.obj
                0x1000731c                __wrap_puts
 .text.stdio_init_all
                0x100073fc        0x4 CMakeFiles/Prj_Afinador.dir/home/freitas/.pico-sdk/sdk/1.5.1/src/rp2_common/pico_stdio/stdio.c.obj
                0x100073fc                stdio_init_all
 .text.i2c_set_baudrate
                0x10007400       0xc4 CMakeFiles/Prj_Afinador.dir/home/freitas/.pico-sdk/sdk/1.5.1/src/rp2_common/hardware_i2c/i2c.c.obj
                0x10007400                i2c_set_baudrate
 .text.i2c_init
                0x100074c4       0x50 CMakeFiles/Prj_Afinador.dir/home/freitas/.pico-sdk/sdk/1.5.1/src/rp2_common/hardware_i2c/i2c.c.obj
                0x100074c4                i2c_init
 .text.i2c_write_blocking
                0x10007514       0xd0 CMakeFiles/Prj_Afinador.dir/home/freitas/.pico-sdk/sdk/1.5.1/src/rp2_common/hardware_i2c/i2c.c.obj
                0x10007514                i2c_write_blocking
 .text.pio_claim_unused_sm
                0x100075e4       0x3c CMakeFiles/Prj_Afinador.dir/home/freitas/.pico-sdk/sdk/1.5.1/src/rp2_common/hardware_pio/pio.c.obj
                0x100075e4                pio_claim_unused_sm
 .text.pio_add_program
                0x10007620       0xf0 CMakeFiles/Prj_Afinador.dir/home/freitas/.pico-sdk/sdk/1.5.1/src/rp2_common/hardware_pio/pio.c.obj
                0x10007620                pio_add_program
 .text.pio_sm_set_consecutive_pindirs
                0x10007710       0xa8 CMakeFiles/Prj_Afinador.dir/home/freitas/.pico-sdk/sdk/1.5.1/src/rp2_common/hardware_pio/pio.c.obj
                0x10007710                pio_sm_set_consecutive_pindirs
 .text.pio_sm_init
                0x100077b8       0x98 CMakeFiles/Prj_Afinador.dir/home/freitas/.pico-sdk/sdk/1.5.1/src/rp2_common/hardware_pio/pio.c.obj
                0x100077b8                pio_sm_init
 .text.adc_init
                0x10007850       0x38 CMakeFiles/Prj_Afinador.dir/home/freitas/.pico-sdk/sdk/1.5.1/src/rp2_common/hardware_adc/adc.c.obj
                0x10007850                adc_init
 .text.malloc   0x10007888       0x14 /home/freitas/.pico-sdk/toolchain/13_2_Rel1/bin/../lib/gcc/arm-none-eabi/13.2.1/../../../../arm-none-eabi/lib/thumb/v6-m/nofp/libc.a(libc_a-malloc.o)
                0x10007888                malloc
 .text.free     0x1000789c       0x14 /home/freitas/.pico-sdk/toolchain/13_2_Rel1/bin/../lib/gcc/arm-none-eabi/13.2.1/../../../../arm-none-eabi/lib/thumb/v6-m/nofp/libc.a(libc_a-malloc.o)
                0x1000789c                free
 .text._malloc_r
                0x100078b0      0x5c4 /home/freitas/.pico-sdk/toolchain/13_2_Rel1/bin/../lib/gcc/arm-none-eabi/13.2.1/../../../../arm-none-eabi/lib/thumb/v6-m/nofp/libc.a(libc_a-mallocr.o)
                0x100078b0                _malloc_r
 .text.sysconf  0x10007e74       0x1c /home/freitas/.pico-sdk/toolchain/13_2_Rel1/bin/../lib/gcc/arm-none-eabi/13.2.1/../../../../arm-none-eabi/lib/thumb/v6-m/nofp/libc.a(libc_a-sysconf.o)
                0x10007e74                sysconf
 .text.__malloc_lock
                0x10007e90       0x10 /home/freitas/.pico-sdk/toolchain/13_2_Rel1/bin/../lib/gcc/arm-none-eabi/13.2.1/../../../../arm-none-eabi/lib/thumb/v6-m/nofp/libc.a(libc_a-mlock.o)
                0x10007e90                __malloc_lock
 .text.__malloc_unlock
                0x10007ea0       0x10 /home/freitas/.pico-sdk/toolchain/13_2_Rel1/bin/../lib/gcc/arm-none-eabi/13.2.1/../../../../arm-none-eabi/lib/thumb/v6-m/nofp/libc.a(libc_a-mlock.o)
                0x10007ea0                __malloc_unlock
 .text.strlen   0x10007eb0       0x5c /home/freitas/.pico-sdk/toolchain/13_2_Rel1/bin/../lib/gcc/arm-none-eabi/13.2.1/../../../../arm-none-eabi/lib/thumb/v6-m/nofp/libc.a(libc_a-strlen-stub.o)
                0x10007eb0                strlen
 .text._malloc_trim_r
                0x10007f0c       0xb4 /home/freitas/.pico-sdk/toolchain/13_2_Rel1/bin/../lib/gcc/arm-none-eabi/13.2.1/../../../../arm-none-eabi/lib/thumb/v6-m/nofp/libc.a(libc_a-freer.o)
                0x10007f0c                _malloc_trim_r
 .text._free_r  0x10007fc0      0x1d4 /home/freitas/.pico-sdk/toolchain/13_2_Rel1/bin/../lib/gcc/arm-none-eabi/13.2.1/../../../../arm-none-eabi/lib/thumb/v6-m/nofp/libc.a(libc_a-freer.o)
                0x10007fc0                _free_r
 .text._sbrk_r  0x10008194       0x24 /home/freitas/.pico-sdk/toolchain/13_2_Rel1/bin/../lib/gcc/arm-none-eabi/13.2.1/../../../../arm-none-eabi/lib/thumb/v6-m/nofp/libc.a(libc_a-sbrkr.o)
                0x10008194                _sbrk_r
 .text.__errno  0x100081b8        0xc /home/freitas/.pico-sdk/toolchain/13_2_Rel1/bin/../lib/gcc/arm-none-eabi/13.2.1/../../../../arm-none-eabi/lib/thumb/v6-m/nofp/libc.a(libc_a-errno.o)
                0x100081b8                __errno
 .text.__retarget_lock_acquire_recursive
                0x100081c4        0x4 /home/freitas/.pico-sdk/toolchain/13_2_Rel1/bin/../lib/gcc/arm-none-eabi/13.2.1/../../../../arm-none-eabi/lib/thumb/v6-m/nofp/libc.a(libc_a-lock.o)
                0x100081c4                __retarget_lock_acquire_recursive
 .text.__retarget_lock_release_recursive
                0x100081c8        0x4 /home/freitas/.pico-sdk/toolchain/13_2_Rel1/bin/../lib/gcc/arm-none-eabi/13.2.1/../../../../arm-none-eabi/lib/thumb/v6-m/nofp/libc.a(libc_a-lock.o)
                0x100081c8                __retarget_lock_release_recursive
 *(.fini)
 .fini          0x100081cc        0x4 /home/freitas/.pico-sdk/toolchain/13_2_Rel1/bin/../lib/gcc/arm-none-eabi/13.2.1/thumb/v6-m/nofp/crti.o
                0x100081cc                _fini
 .fini.__stub   0x100081d0       0x40 linker stubs
 *crtbegin.o(.ctors)
 *crtbegin?.o(.ctors)
 *(EXCLUDE_FILE(*crtend.o *crtend?.o) .ctors)
 *(SORT_BY_NAME(.ctors.*))
 *(.ctors)
 *crtbegin.o(.dtors)
 *crtbegin?.o(.dtors)
 *(EXCLUDE_FILE(*crtend.o *crtend?.o) .dtors)
 *(SORT_BY_NAME(.dtors.*))
 *(.dtors)
 *(.eh_frame*)
 .eh_frame      0x10008210        0x0 /home/freitas/.pico-sdk/toolchain/13_2_Rel1/bin/../lib/gcc/arm-none-eabi/13.2.1/thumb/v6-m/nofp/crtbegin.o
                0x10008210                        . = ALIGN (0x4)

.glue_7         0x10008210        0x0
 .glue_7        0x10008210        0x0 linker stubs

.glue_7t        0x10008210        0x0
 .glue_7t       0x10008210        0x0 linker stubs

.vfp11_veneer   0x10008210        0x0
 .vfp11_veneer  0x10008210        0x0 linker stubs

.v4_bx          0x10008210        0x0
 .v4_bx         0x10008210        0x0 linker stubs

.iplt           0x10008210        0x0
 .iplt          0x10008210        0x0 /home/freitas/.pico-sdk/toolchain/13_2_Rel1/bin/../lib/gcc/arm-none-eabi/13.2.1/thumb/v6-m/nofp/crtbegin.o

.rodata         0x10008210      0x770
 *(EXCLUDE_FILE(*libm.a: *libc.a:*lib_a-mem*.o *libgcc.a:) .rodata*)
 .rodata.alterar_luminosidade.str1.4
                0x10008210      0x1ad CMakeFiles/Prj_Afinador.dir/Prj_Afinador.c.obj
                                 0x1d (size before relaxing)
 .rodata.afinador.str1.4
                0x100083bd        0xd CMakeFiles/Prj_Afinador.dir/Prj_Afinador.c.obj
 .rodata.alterar_frequencia.str1.4
                0x100083bd       0x11 CMakeFiles/Prj_Afinador.dir/Prj_Afinador.c.obj
 *fill*         0x100083bd        0x3 
 .rodata.CSWTCH.142
                0x100083c0        0x4 CMakeFiles/Prj_Afinador.dir/Prj_Afinador.c.obj
 .rodata.CSWTCH.141
                0x100083c4       0x10 CMakeFiles/Prj_Afinador.dir/Prj_Afinador.c.obj
 .rodata.str1.4
                0x100083d4       0x69 CMakeFiles/Prj_Afinador.dir/Prj_Afinador.c.obj
 .rodata.NOTE_PATTERNS
                0x100083d4      0x12c CMakeFiles/Prj_Afinador.dir/Prj_Afinador.c.obj
                0x100083d4                NOTE_PATTERNS
 .rodata.luminosidade
                0x10008500        0x5 CMakeFiles/Prj_Afinador.dir/Prj_Afinador.c.obj
                0x10008500                luminosidade
 *fill*         0x10008505        0x3 
 .rodata.ws2818b_program
                0x10008508        0x6 CMakeFiles/Prj_Afinador.dir/Prj_Afinador.c.obj
 *fill*         0x1000850e        0x2 
 .rodata.ws2818b_program_instructions
                0x10008510        0x8 CMakeFiles/Prj_Afinador.dir/Prj_Afinador.c.obj
 .rodata.font   0x10008518      0x128 CMakeFiles/Prj_Afinador.dir/inc/ssd1306_i2c.c.obj
 .rodata        0x10008640       0x1a CMakeFiles/Prj_Afinador.dir/inc/ssd1306_i2c.c.obj
 .rodata.hardware_alarm_claim.str1.4
                0x1000865a       0x22 CMakeFiles/Prj_Afinador.dir/home/freitas/.pico-sdk/sdk/1.5.1/src/rp2_common/hardware_timer/timer.c.obj
 .rodata.panic.str1.4
                0x1000865a       0x12 CMakeFiles/Prj_Afinador.dir/home/freitas/.pico-sdk/sdk/1.5.1/src/rp2_common/pico_runtime/runtime.c.obj
 .rodata.hard_assertion_failure.str1.4
                0x1000865a        0xc CMakeFiles/Prj_Afinador.dir/home/freitas/.pico-sdk/sdk/1.5.1/src/rp2_common/pico_runtime/runtime.c.obj
 .rodata._ftoa.str1.4
                0x1000865a       0x15 CMakeFiles/Prj_Afinador.dir/home/freitas/.pico-sdk/sdk/1.5.1/src/rp2_common/pico_printf/printf.c.obj
 *fill*         0x1000865a        0x2 
 .rodata._vsnprintf
                0x1000865c      0x19c CMakeFiles/Prj_Afinador.dir/home/freitas/.pico-sdk/sdk/1.5.1/src/rp2_common/pico_printf/printf.c.obj
 .rodata.pow10.0
                0x100087f8       0x50 CMakeFiles/Prj_Afinador.dir/home/freitas/.pico-sdk/sdk/1.5.1/src/rp2_common/pico_printf/printf.c.obj
 .rodata.missing_double_func_shim.str1.4
                0x10008848       0x18 CMakeFiles/Prj_Afinador.dir/home/freitas/.pico-sdk/sdk/1.5.1/src/rp2_common/pico_double/double_init_rom.c.obj
 .rodata.missing_float_func_shim.str1.4
                0x10008848        0x1 CMakeFiles/Prj_Afinador.dir/home/freitas/.pico-sdk/sdk/1.5.1/src/rp2_common/pico_float/float_init_rom.c.obj
 .rodata.__wrap_malloc.str1.4
                0x10008848        0xe CMakeFiles/Prj_Afinador.dir/home/freitas/.pico-sdk/sdk/1.5.1/src/rp2_common/pico_malloc/pico_malloc.c.obj
 .rodata.str1.4
                0x10008848       0x48 CMakeFiles/Prj_Afinador.dir/home/freitas/.pico-sdk/sdk/1.5.1/src/rp2_common/pico_standard_link/binary_info.c.obj
 .rodata.__bi_81
                0x10008848        0xc CMakeFiles/Prj_Afinador.dir/home/freitas/.pico-sdk/sdk/1.5.1/src/rp2_common/pico_standard_link/binary_info.c.obj
 .rodata.__bi_75
                0x10008854        0xc CMakeFiles/Prj_Afinador.dir/home/freitas/.pico-sdk/sdk/1.5.1/src/rp2_common/pico_standard_link/binary_info.c.obj
 .rodata.__bi_56
                0x10008860        0xc CMakeFiles/Prj_Afinador.dir/home/freitas/.pico-sdk/sdk/1.5.1/src/rp2_common/pico_standard_link/binary_info.c.obj
 .rodata.__bi_44
                0x1000886c        0xc CMakeFiles/Prj_Afinador.dir/home/freitas/.pico-sdk/sdk/1.5.1/src/rp2_common/pico_standard_link/binary_info.c.obj
 .rodata.crlf_str.0
                0x10008878        0x2 CMakeFiles/Prj_Afinador.dir/home/freitas/.pico-sdk/sdk/1.5.1/src/rp2_common/pico_stdio/stdio.c.obj
 .rodata.pio_claim_unused_sm.str1.4
                0x1000887a       0x24 CMakeFiles/Prj_Afinador.dir/home/freitas/.pico-sdk/sdk/1.5.1/src/rp2_common/hardware_pio/pio.c.obj
 .rodata.pio_add_program.str1.4
                0x1000887a       0x11 CMakeFiles/Prj_Afinador.dir/home/freitas/.pico-sdk/sdk/1.5.1/src/rp2_common/hardware_pio/pio.c.obj
 *fill*         0x1000887a        0x2 
 .rodata._ctype_
                0x1000887c      0x101 /home/freitas/.pico-sdk/toolchain/13_2_Rel1/bin/../lib/gcc/arm-none-eabi/13.2.1/../../../../arm-none-eabi/lib/thumb/v6-m/nofp/libc.a(libc_a-ctype_.o)
                0x1000887c                _ctype_
                0x10008980                        . = ALIGN (0x4)
 *fill*         0x1000897d        0x3 
 *(SORT_BY_ALIGNMENT(SORT_BY_NAME(.flashdata*)))
                0x10008980                        . = ALIGN (0x4)

.ARM.extab
 *(.ARM.extab* .gnu.linkonce.armextab.*)
                0x10008980                        __exidx_start = .

.ARM.exidx
 *(.ARM.exidx* .gnu.linkonce.armexidx.*)
                0x10008980                        __exidx_end = .
                0x10008980                        . = ALIGN (0x4)
                0x10008980                        __binary_info_start = .

.binary_info    0x10008980       0x20
 *(.binary_info.keep.*)
 .binary_info.keep.__bi_ptr81
                0x10008980        0x4 CMakeFiles/Prj_Afinador.dir/home/freitas/.pico-sdk/sdk/1.5.1/src/rp2_common/pico_standard_link/binary_info.c.obj
 .binary_info.keep.__bi_ptr75
                0x10008984        0x4 CMakeFiles/Prj_Afinador.dir/home/freitas/.pico-sdk/sdk/1.5.1/src/rp2_common/pico_standard_link/binary_info.c.obj
 .binary_info.keep.__bi_ptr56
                0x10008988        0x4 CMakeFiles/Prj_Afinador.dir/home/freitas/.pico-sdk/sdk/1.5.1/src/rp2_common/pico_standard_link/binary_info.c.obj
 .binary_info.keep.__bi_ptr50
                0x1000898c        0x4 CMakeFiles/Prj_Afinador.dir/home/freitas/.pico-sdk/sdk/1.5.1/src/rp2_common/pico_standard_link/binary_info.c.obj
 .binary_info.keep.__bi_ptr44
                0x10008990        0x4 CMakeFiles/Prj_Afinador.dir/home/freitas/.pico-sdk/sdk/1.5.1/src/rp2_common/pico_standard_link/binary_info.c.obj
 .binary_info.keep.__bi_ptr38
                0x10008994        0x4 CMakeFiles/Prj_Afinador.dir/home/freitas/.pico-sdk/sdk/1.5.1/src/rp2_common/pico_standard_link/binary_info.c.obj
 .binary_info.keep.__bi_ptr30
                0x10008998        0x4 CMakeFiles/Prj_Afinador.dir/home/freitas/.pico-sdk/sdk/1.5.1/src/rp2_common/pico_standard_link/binary_info.c.obj
 .binary_info.keep.__bi_ptr22
                0x1000899c        0x4 CMakeFiles/Prj_Afinador.dir/home/freitas/.pico-sdk/sdk/1.5.1/src/rp2_common/pico_standard_link/binary_info.c.obj
 *(.binary_info.*)
                0x100089a0                        __binary_info_end = .

.rel.dyn        0x100089a0        0x0
 .rel.iplt      0x100089a0        0x0 /home/freitas/.pico-sdk/toolchain/13_2_Rel1/bin/../lib/gcc/arm-none-eabi/13.2.1/thumb/v6-m/nofp/crtbegin.o
                0x100089a0                        . = ALIGN (0x4)

.ram_vector_table
                0x20000000       0xc0
 *(.ram_vector_table)
 .ram_vector_table
                0x20000000       0xc0 CMakeFiles/Prj_Afinador.dir/home/freitas/.pico-sdk/sdk/1.5.1/src/rp2_common/pico_runtime/runtime.c.obj
                0x20000000                ram_vector_table

.data           0x200000c0      0x724 load address 0x100089a0
                0x200000c0                        __data_start__ = .
 *(vtable)
 *(.time_critical*)
 .time_critical.mutex_try_enter_block_until
                0x200000c0       0x9c CMakeFiles/Prj_Afinador.dir/home/freitas/.pico-sdk/sdk/1.5.1/src/common/pico_sync/mutex.c.obj
                0x200000c0                mutex_try_enter_block_until
 .time_critical.mutex_exit
                0x2000015c       0x28 CMakeFiles/Prj_Afinador.dir/home/freitas/.pico-sdk/sdk/1.5.1/src/common/pico_sync/mutex.c.obj
                0x2000015c                mutex_exit
 *(.text*)
 .text          0x20000184        0x4 /home/freitas/.pico-sdk/toolchain/13_2_Rel1/bin/../lib/gcc/arm-none-eabi/13.2.1/thumb/v6-m/nofp/libgcc.a(_dvmd_tls.o)
                0x20000184                __aeabi_ldiv0
                0x20000184                __aeabi_idiv0
 .text.__stub   0x20000188       0x10 linker stubs
                0x20000198                        . = ALIGN (0x4)
 *(.rodata*)
                0x20000198                        . = ALIGN (0x4)
 *(.data*)
 .data.text_page_4.1
                0x20000198       0x10 CMakeFiles/Prj_Afinador.dir/Prj_Afinador.c.obj
 .data.text_page_3.2
                0x200001a8       0x14 CMakeFiles/Prj_Afinador.dir/Prj_Afinador.c.obj
 .data.text_page_2.3
                0x200001bc       0x10 CMakeFiles/Prj_Afinador.dir/Prj_Afinador.c.obj
 .data.text_inicial.4
                0x200001cc       0x18 CMakeFiles/Prj_Afinador.dir/Prj_Afinador.c.obj
 .data.referencia
                0x200001e4        0x4 CMakeFiles/Prj_Afinador.dir/Prj_Afinador.c.obj
                0x200001e4                referencia
 .data.effective_sample_rate
                0x200001e8        0x4 CMakeFiles/Prj_Afinador.dir/Prj_Afinador.c.obj
                0x200001e8                effective_sample_rate
 .data.striped_spin_lock_num
                0x200001ec        0x1 CMakeFiles/Prj_Afinador.dir/home/freitas/.pico-sdk/sdk/1.5.1/src/rp2_common/hardware_sync/sync.c.obj
 *fill*         0x200001ed        0x3 
 .data          0x200001f0       0x48 CMakeFiles/Prj_Afinador.dir/home/freitas/.pico-sdk/sdk/1.5.1/src/rp2_common/hardware_irq/irq_handler_chain.S.obj
                0x200001f0                irq_handler_chain_slots
                0x20000220                irq_handler_chain_first_slot
                0x2000022a                irq_handler_chain_remove_tail
 .data.default_alarm_pool
                0x20000238       0x18 CMakeFiles/Prj_Afinador.dir/home/freitas/.pico-sdk/sdk/1.5.1/src/common/pico_time/time.c.obj
 .data.default_alarm_pool_heap
                0x20000250       0x10 CMakeFiles/Prj_Afinador.dir/home/freitas/.pico-sdk/sdk/1.5.1/src/common/pico_time/time.c.obj
 .data.aeabi_bits_funcs
                0x20000260       0x10 CMakeFiles/Prj_Afinador.dir/home/freitas/.pico-sdk/sdk/1.5.1/src/rp2_common/pico_bit_ops/bit_ops_aeabi.S.obj
                0x20000260                aeabi_bits_funcs
                0x20000270                aeabi_bits_funcs_end
 .data.aeabi_mem_funcs
                0x20000270       0x10 CMakeFiles/Prj_Afinador.dir/home/freitas/.pico-sdk/sdk/1.5.1/src/rp2_common/pico_mem_ops/mem_ops_aeabi.S.obj
                0x20000270                aeabi_mem_funcs
                0x20000280                aeabi_mem_funcs_end
 .data.i2c1_inst
                0x20000280        0x8 CMakeFiles/Prj_Afinador.dir/home/freitas/.pico-sdk/sdk/1.5.1/src/rp2_common/hardware_i2c/i2c.c.obj
                0x20000280                i2c1_inst
 .data.i2c0_inst
                0x20000288        0x8 CMakeFiles/Prj_Afinador.dir/home/freitas/.pico-sdk/sdk/1.5.1/src/rp2_common/hardware_i2c/i2c.c.obj
                0x20000288                i2c0_inst
 .data.__malloc_sbrk_base
                0x20000290        0x4 /home/freitas/.pico-sdk/toolchain/13_2_Rel1/bin/../lib/gcc/arm-none-eabi/13.2.1/../../../../arm-none-eabi/lib/thumb/v6-m/nofp/libc.a(libc_a-mallocr.o)
                0x20000290                __malloc_sbrk_base
 .data.__malloc_trim_threshold
                0x20000294        0x4 /home/freitas/.pico-sdk/toolchain/13_2_Rel1/bin/../lib/gcc/arm-none-eabi/13.2.1/../../../../arm-none-eabi/lib/thumb/v6-m/nofp/libc.a(libc_a-mallocr.o)
                0x20000294                __malloc_trim_threshold
 .data.__malloc_av_
                0x20000298      0x408 /home/freitas/.pico-sdk/toolchain/13_2_Rel1/bin/../lib/gcc/arm-none-eabi/13.2.1/../../../../arm-none-eabi/lib/thumb/v6-m/nofp/libc.a(libc_a-mallocr.o)
                0x20000298                __malloc_av_
 .data._impure_ptr
                0x200006a0        0x4 /home/freitas/.pico-sdk/toolchain/13_2_Rel1/bin/../lib/gcc/arm-none-eabi/13.2.1/../../../../arm-none-eabi/lib/thumb/v6-m/nofp/libc.a(libc_a-impure.o)
                0x200006a0                _impure_ptr
 *fill*         0x200006a4        0x4 
 .data._impure_data
                0x200006a8      0x120 /home/freitas/.pico-sdk/toolchain/13_2_Rel1/bin/../lib/gcc/arm-none-eabi/13.2.1/../../../../arm-none-eabi/lib/thumb/v6-m/nofp/libc.a(libc_a-impure.o)
                0x200006a8                _impure_data
                0x200007c8                        . = ALIGN (0x4)
 *(.after_data.*)
                0x200007c8                        . = ALIGN (0x4)
                0x200007c8                        PROVIDE (__mutex_array_start = .)
 *(SORT_BY_NAME(.mutex_array.*))
 *(.mutex_array)
 .mutex_array   0x200007c8        0x8 CMakeFiles/Prj_Afinador.dir/home/freitas/.pico-sdk/sdk/1.5.1/src/rp2_common/pico_stdio/stdio.c.obj
                0x200007d0                        PROVIDE (__mutex_array_end = .)
                0x200007d0                        . = ALIGN (0x4)
                0x200007d0                        PROVIDE (__preinit_array_start = .)
 *(SORT_BY_NAME(.preinit_array.*))
 .preinit_array.00001
                0x200007d0        0x4 CMakeFiles/Prj_Afinador.dir/home/freitas/.pico-sdk/sdk/1.5.1/src/rp2_common/pico_mem_ops/mem_ops_aeabi.S.obj
 .preinit_array.00010
                0x200007d4        0x4 CMakeFiles/Prj_Afinador.dir/home/freitas/.pico-sdk/sdk/1.5.1/src/rp2_common/pico_bit_ops/bit_ops_aeabi.S.obj
 .preinit_array.00020
                0x200007d8        0x4 CMakeFiles/Prj_Afinador.dir/home/freitas/.pico-sdk/sdk/1.5.1/src/rp2_common/pico_double/double_aeabi.S.obj
 .preinit_array.00020
                0x200007dc        0x4 CMakeFiles/Prj_Afinador.dir/home/freitas/.pico-sdk/sdk/1.5.1/src/rp2_common/pico_float/float_aeabi.S.obj
 *(.preinit_array)
                0x200007e0                        PROVIDE (__preinit_array_end = .)
                0x200007e0                        . = ALIGN (0x4)
                0x200007e0                        PROVIDE (__init_array_start = .)
 *(SORT_BY_NAME(.init_array.*))
 *(.init_array)
 .init_array    0x200007e0        0x4 /home/freitas/.pico-sdk/toolchain/13_2_Rel1/bin/../lib/gcc/arm-none-eabi/13.2.1/thumb/v6-m/nofp/crtbegin.o
                0x200007e4                        PROVIDE (__init_array_end = .)
                0x200007e4                        . = ALIGN (0x4)
                [!provide]                        PROVIDE (__fini_array_start = .)
 *(SORT_BY_NAME(.fini_array.*))
 *(.fini_array)
                [!provide]                        PROVIDE (__fini_array_end = .)
 *(.jcr)
                0x200007e4                        . = ALIGN (0x4)
                0x200007e4                        __data_end__ = .
                0x100089a0                        __etext = LOADADDR (.data)

.tm_clone_table
                0x200007e4        0x0 load address 0x100090c4
 .tm_clone_table
                0x200007e4        0x0 /home/freitas/.pico-sdk/toolchain/13_2_Rel1/bin/../lib/gcc/arm-none-eabi/13.2.1/thumb/v6-m/nofp/crtbegin.o
 .tm_clone_table
                0x200007e4        0x0 /home/freitas/.pico-sdk/toolchain/13_2_Rel1/bin/../lib/gcc/arm-none-eabi/13.2.1/thumb/v6-m/nofp/crtend.o

.igot.plt       0x200007e4        0x0 load address 0x100090c4
 .igot.plt      0x200007e4        0x0 /home/freitas/.pico-sdk/toolchain/13_2_Rel1/bin/../lib/gcc/arm-none-eabi/13.2.1/thumb/v6-m/nofp/crtbegin.o

.uninitialized_data
                0x200007e4        0x0 load address 0x100090c4
                0x200007e4                        . = ALIGN (0x4)
 *(.uninitialized_data*)

.scratch_x      0x20040000        0x0 load address 0x100090c4
                0x20040000                        __scratch_x_start__ = .
 *(.scratch_x.*)
                0x20040000                        . = ALIGN (0x4)
                0x20040000                        __scratch_x_end__ = .
                0x100090c4                        __scratch_x_source__ = LOADADDR (.scratch_x)

.scratch_y      0x20041000        0x0 load address 0x100090c4
                0x20041000                        __scratch_y_start__ = .
 *(.scratch_y.*)
                0x20041000                        . = ALIGN (0x4)
                0x20041000                        __scratch_y_end__ = .
                0x100090c4                        __scratch_y_source__ = LOADADDR (.scratch_y)

.bss            0x200007e8     0x15b4
                0x200007e8                        . = ALIGN (0x4)
                0x200007e8                        __bss_start__ = .
 *(SORT_BY_ALIGNMENT(SORT_BY_NAME(.bss*)))
 .bss.configured_freq
                0x200007e8       0x28 CMakeFiles/Prj_Afinador.dir/home/freitas/.pico-sdk/sdk/1.5.1/src/rp2_common/hardware_clocks/clocks.c.obj
 .bss.default_alarm_pool_entries
                0x20000810      0x100 CMakeFiles/Prj_Afinador.dir/home/freitas/.pico-sdk/sdk/1.5.1/src/common/pico_time/time.c.obj
 .bss.sd_table  0x20000910      0x100 CMakeFiles/Prj_Afinador.dir/home/freitas/.pico-sdk/sdk/1.5.1/src/rp2_common/pico_double/double_init_rom.c.obj
                0x20000910                sd_table
 .bss.__lock___malloc_recursive_mutex
                0x20000a10        0x1 /home/freitas/.pico-sdk/toolchain/13_2_Rel1/bin/../lib/gcc/arm-none-eabi/13.2.1/../../../../arm-none-eabi/lib/thumb/v6-m/nofp/libc.a(libc_a-lock.o)
                0x20000a10                __lock___malloc_recursive_mutex
 *fill*         0x20000a11        0x3 
 .bss.__malloc_current_mallinfo
                0x20000a14       0x28 /home/freitas/.pico-sdk/toolchain/13_2_Rel1/bin/../lib/gcc/arm-none-eabi/13.2.1/../../../../arm-none-eabi/lib/thumb/v6-m/nofp/libc.a(libc_a-mallocr.o)
                0x20000a14                __malloc_current_mallinfo
 .bss.__malloc_max_sbrked_mem
                0x20000a3c        0x4 /home/freitas/.pico-sdk/toolchain/13_2_Rel1/bin/../lib/gcc/arm-none-eabi/13.2.1/../../../../arm-none-eabi/lib/thumb/v6-m/nofp/libc.a(libc_a-mallocr.o)
                0x20000a3c                __malloc_max_sbrked_mem
 .bss.__malloc_max_total_mem
                0x20000a40        0x4 /home/freitas/.pico-sdk/toolchain/13_2_Rel1/bin/../lib/gcc/arm-none-eabi/13.2.1/../../../../arm-none-eabi/lib/thumb/v6-m/nofp/libc.a(libc_a-mallocr.o)
                0x20000a40                __malloc_max_total_mem
 .bss.__malloc_top_pad
                0x20000a44        0x4 /home/freitas/.pico-sdk/toolchain/13_2_Rel1/bin/../lib/gcc/arm-none-eabi/13.2.1/../../../../arm-none-eabi/lib/thumb/v6-m/nofp/libc.a(libc_a-mallocr.o)
                0x20000a44                __malloc_top_pad
 .bss.__sf      0x20000a48      0x138 /home/freitas/.pico-sdk/toolchain/13_2_Rel1/bin/../lib/gcc/arm-none-eabi/13.2.1/../../../../arm-none-eabi/lib/thumb/v6-m/nofp/libc.a(libc_a-findfp.o)
                0x20000a48                __sf
 .bss._used_instruction_space
                0x20000b80        0x8 CMakeFiles/Prj_Afinador.dir/home/freitas/.pico-sdk/sdk/1.5.1/src/rp2_common/hardware_pio/pio.c.obj
 .bss.alarm_callbacks
                0x20000b88       0x10 CMakeFiles/Prj_Afinador.dir/home/freitas/.pico-sdk/sdk/1.5.1/src/rp2_common/hardware_timer/timer.c.obj
 .bss.default_alarm_pool_entry_ids_high
                0x20000b98       0x10 CMakeFiles/Prj_Afinador.dir/home/freitas/.pico-sdk/sdk/1.5.1/src/common/pico_time/time.c.obj
 .bss.default_alarm_pool_heap_nodes
                0x20000ba8       0x30 CMakeFiles/Prj_Afinador.dir/home/freitas/.pico-sdk/sdk/1.5.1/src/common/pico_time/time.c.obj
 .bss.drivers   0x20000bd8        0x4 CMakeFiles/Prj_Afinador.dir/home/freitas/.pico-sdk/sdk/1.5.1/src/rp2_common/pico_stdio/stdio.c.obj
 .bss.errno     0x20000bdc        0x4 /home/freitas/.pico-sdk/toolchain/13_2_Rel1/bin/../lib/gcc/arm-none-eabi/13.2.1/../../../../arm-none-eabi/lib/thumb/v6-m/nofp/libc.a(libc_a-reent.o)
                0x20000bdc                errno
 .bss.filter    0x20000be0        0x4 CMakeFiles/Prj_Afinador.dir/home/freitas/.pico-sdk/sdk/1.5.1/src/rp2_common/pico_stdio/stdio.c.obj
 .bss.heap_end.0
                0x20000be4        0x4 CMakeFiles/Prj_Afinador.dir/home/freitas/.pico-sdk/sdk/1.5.1/src/rp2_common/pico_runtime/runtime.c.obj
 .bss.lazy_vsnprintf
                0x20000be8        0x4 CMakeFiles/Prj_Afinador.dir/home/freitas/.pico-sdk/sdk/1.5.1/src/rp2_common/pico_printf/printf.c.obj
 .bss.leds      0x20000bec       0x4b CMakeFiles/Prj_Afinador.dir/Prj_Afinador.c.obj
                0x20000bec                leds
 *fill*         0x20000c37        0x1 
 .bss.np_pio    0x20000c38        0x4 CMakeFiles/Prj_Afinador.dir/Prj_Afinador.c.obj
                0x20000c38                np_pio
 .bss.object.0  0x20000c3c       0x18 /home/freitas/.pico-sdk/toolchain/13_2_Rel1/bin/../lib/gcc/arm-none-eabi/13.2.1/thumb/v6-m/nofp/crtbegin.o
 .bss.pools     0x20000c54       0x10 CMakeFiles/Prj_Afinador.dir/home/freitas/.pico-sdk/sdk/1.5.1/src/common/pico_time/time.c.obj
 .bss.samples   0x20000c64     0x1000 CMakeFiles/Prj_Afinador.dir/Prj_Afinador.c.obj
                0x20000c64                samples
 .bss.sf_clz_func
                0x20001c64        0x4 CMakeFiles/Prj_Afinador.dir/home/freitas/.pico-sdk/sdk/1.5.1/src/rp2_common/pico_double/double_init_rom.c.obj
                0x20001c64                sf_clz_func
 .bss.sf_table  0x20001c68      0x100 CMakeFiles/Prj_Afinador.dir/home/freitas/.pico-sdk/sdk/1.5.1/src/rp2_common/pico_float/float_init_rom.c.obj
                0x20001c68                sf_table
 .bss.sleep_notifier
                0x20001d68        0x4 CMakeFiles/Prj_Afinador.dir/home/freitas/.pico-sdk/sdk/1.5.1/src/common/pico_time/time.c.obj
 .bss.sm        0x20001d6c        0x4 CMakeFiles/Prj_Afinador.dir/Prj_Afinador.c.obj
                0x20001d6c                sm
 .bss.str       0x20001d70       0x14 CMakeFiles/Prj_Afinador.dir/Prj_Afinador.c.obj
                0x20001d70                str
 .bss.target_hi
                0x20001d84       0x10 CMakeFiles/Prj_Afinador.dir/home/freitas/.pico-sdk/sdk/1.5.1/src/rp2_common/hardware_timer/timer.c.obj
 .bss.claimed   0x20001d94        0x1 CMakeFiles/Prj_Afinador.dir/home/freitas/.pico-sdk/sdk/1.5.1/src/rp2_common/hardware_timer/timer.c.obj
 .bss.claimed   0x20001d95        0x1 CMakeFiles/Prj_Afinador.dir/home/freitas/.pico-sdk/sdk/1.5.1/src/rp2_common/hardware_pio/pio.c.obj
 .bss.irq_hander_chain_free_slot_head
                0x20001d96        0x1 CMakeFiles/Prj_Afinador.dir/home/freitas/.pico-sdk/sdk/1.5.1/src/rp2_common/hardware_irq/irq.c.obj
 .bss.luminosidade_display
                0x20001d97        0x1 CMakeFiles/Prj_Afinador.dir/Prj_Afinador.c.obj
                0x20001d97                luminosidade_display
 .bss.timer_callbacks_pending
                0x20001d98        0x1 CMakeFiles/Prj_Afinador.dir/home/freitas/.pico-sdk/sdk/1.5.1/src/rp2_common/hardware_timer/timer.c.obj
 *(COMMON)
                0x20001d9c                        . = ALIGN (0x4)
 *fill*         0x20001d99        0x3 
                0x20001d9c                        __bss_end__ = .

.heap           0x20001d9c      0x800
                0x20001d9c                        __end__ = .
                0x20001d9c                        end = __end__
 *(.heap*)
 .heap          0x20001d9c      0x800 CMakeFiles/Prj_Afinador.dir/home/freitas/.pico-sdk/sdk/1.5.1/src/rp2_common/pico_standard_link/crt0.S.obj
                0x2000259c                        __HeapLimit = .

.stack1_dummy
 *(.stack1*)

.stack_dummy    0x20041000      0x800
 *(.stack*)
 .stack         0x20041000      0x800 CMakeFiles/Prj_Afinador.dir/home/freitas/.pico-sdk/sdk/1.5.1/src/rp2_common/pico_standard_link/crt0.S.obj

.flash_end      0x100090c4        0x0
                0x100090c4                        PROVIDE (__flash_binary_end = .)
                0x20040000                        __StackLimit = (ORIGIN (RAM) + LENGTH (RAM))
                0x20041000                        __StackOneTop = (ORIGIN (SCRATCH_X) + LENGTH (SCRATCH_X))
                0x20042000                        __StackTop = (ORIGIN (SCRATCH_Y) + LENGTH (SCRATCH_Y))
                0x20041000                        __StackOneBottom = (__StackOneTop - SIZEOF (.stack1_dummy))
                0x20041800                        __StackBottom = (__StackTop - SIZEOF (.stack_dummy))
                0x20042000                        PROVIDE (__stack = __StackTop)
                0x00000001                        ASSERT ((__StackLimit >= __HeapLimit), region RAM overflowed)
                0x00000001                        ASSERT (((__binary_info_header_end - __logical_binary_start) <= 0x100), Binary info must be in first 256 bytes of the binary)
LOAD CMakeFiles/Prj_Afinador.dir/Prj_Afinador.c.obj
LOAD CMakeFiles/Prj_Afinador.dir/kissfft/kiss_fft.c.obj
LOAD CMakeFiles/Prj_Afinador.dir/kissfft/kiss_fftr.c.obj
LOAD CMakeFiles/Prj_Afinador.dir/inc/ssd1306_i2c.c.obj
LOAD CMakeFiles/Prj_Afinador.dir/home/freitas/.pico-sdk/sdk/1.5.1/src/rp2_common/pico_stdlib/stdlib.c.obj
LOAD CMakeFiles/Prj_Afinador.dir/home/freitas/.pico-sdk/sdk/1.5.1/src/rp2_common/hardware_gpio/gpio.c.obj
LOAD CMakeFiles/Prj_Afinador.dir/home/freitas/.pico-sdk/sdk/1.5.1/src/rp2_common/pico_platform/platform.c.obj
LOAD CMakeFiles/Prj_Afinador.dir/home/freitas/.pico-sdk/sdk/1.5.1/src/rp2_common/hardware_claim/claim.c.obj
LOAD CMakeFiles/Prj_Afinador.dir/home/freitas/.pico-sdk/sdk/1.5.1/src/rp2_common/hardware_sync/sync.c.obj
LOAD CMakeFiles/Prj_Afinador.dir/home/freitas/.pico-sdk/sdk/1.5.1/src/rp2_common/hardware_irq/irq.c.obj
LOAD CMakeFiles/Prj_Afinador.dir/home/freitas/.pico-sdk/sdk/1.5.1/src/rp2_common/hardware_irq/irq_handler_chain.S.obj
LOAD CMakeFiles/Prj_Afinador.dir/home/freitas/.pico-sdk/sdk/1.5.1/src/common/pico_sync/sem.c.obj
LOAD CMakeFiles/Prj_Afinador.dir/home/freitas/.pico-sdk/sdk/1.5.1/src/common/pico_sync/lock_core.c.obj
LOAD CMakeFiles/Prj_Afinador.dir/home/freitas/.pico-sdk/sdk/1.5.1/src/common/pico_sync/mutex.c.obj
LOAD CMakeFiles/Prj_Afinador.dir/home/freitas/.pico-sdk/sdk/1.5.1/src/common/pico_sync/critical_section.c.obj
LOAD CMakeFiles/Prj_Afinador.dir/home/freitas/.pico-sdk/sdk/1.5.1/src/common/pico_time/time.c.obj
LOAD CMakeFiles/Prj_Afinador.dir/home/freitas/.pico-sdk/sdk/1.5.1/src/common/pico_time/timeout_helper.c.obj
LOAD CMakeFiles/Prj_Afinador.dir/home/freitas/.pico-sdk/sdk/1.5.1/src/rp2_common/hardware_timer/timer.c.obj
LOAD CMakeFiles/Prj_Afinador.dir/home/freitas/.pico-sdk/sdk/1.5.1/src/common/pico_util/datetime.c.obj
LOAD CMakeFiles/Prj_Afinador.dir/home/freitas/.pico-sdk/sdk/1.5.1/src/common/pico_util/pheap.c.obj
LOAD CMakeFiles/Prj_Afinador.dir/home/freitas/.pico-sdk/sdk/1.5.1/src/common/pico_util/queue.c.obj
LOAD CMakeFiles/Prj_Afinador.dir/home/freitas/.pico-sdk/sdk/1.5.1/src/rp2_common/hardware_uart/uart.c.obj
LOAD CMakeFiles/Prj_Afinador.dir/home/freitas/.pico-sdk/sdk/1.5.1/src/rp2_common/hardware_clocks/clocks.c.obj
LOAD CMakeFiles/Prj_Afinador.dir/home/freitas/.pico-sdk/sdk/1.5.1/src/rp2_common/hardware_pll/pll.c.obj
LOAD CMakeFiles/Prj_Afinador.dir/home/freitas/.pico-sdk/sdk/1.5.1/src/rp2_common/hardware_vreg/vreg.c.obj
LOAD CMakeFiles/Prj_Afinador.dir/home/freitas/.pico-sdk/sdk/1.5.1/src/rp2_common/hardware_watchdog/watchdog.c.obj
LOAD CMakeFiles/Prj_Afinador.dir/home/freitas/.pico-sdk/sdk/1.5.1/src/rp2_common/hardware_xosc/xosc.c.obj
LOAD CMakeFiles/Prj_Afinador.dir/home/freitas/.pico-sdk/sdk/1.5.1/src/rp2_common/hardware_divider/divider.S.obj
LOAD CMakeFiles/Prj_Afinador.dir/home/freitas/.pico-sdk/sdk/1.5.1/src/rp2_common/pico_runtime/runtime.c.obj
LOAD CMakeFiles/Prj_Afinador.dir/home/freitas/.pico-sdk/sdk/1.5.1/src/rp2_common/pico_printf/printf.c.obj
LOAD CMakeFiles/Prj_Afinador.dir/home/freitas/.pico-sdk/sdk/1.5.1/src/rp2_common/pico_bit_ops/bit_ops_aeabi.S.obj
LOAD CMakeFiles/Prj_Afinador.dir/home/freitas/.pico-sdk/sdk/1.5.1/src/rp2_common/pico_bootrom/bootrom.c.obj
LOAD CMakeFiles/Prj_Afinador.dir/home/freitas/.pico-sdk/sdk/1.5.1/src/rp2_common/pico_divider/divider.S.obj
LOAD CMakeFiles/Prj_Afinador.dir/home/freitas/.pico-sdk/sdk/1.5.1/src/rp2_common/pico_double/double_aeabi.S.obj
LOAD CMakeFiles/Prj_Afinador.dir/home/freitas/.pico-sdk/sdk/1.5.1/src/rp2_common/pico_double/double_init_rom.c.obj
LOAD CMakeFiles/Prj_Afinador.dir/home/freitas/.pico-sdk/sdk/1.5.1/src/rp2_common/pico_double/double_math.c.obj
LOAD CMakeFiles/Prj_Afinador.dir/home/freitas/.pico-sdk/sdk/1.5.1/src/rp2_common/pico_double/double_v1_rom_shim.S.obj
LOAD CMakeFiles/Prj_Afinador.dir/home/freitas/.pico-sdk/sdk/1.5.1/src/rp2_common/pico_int64_ops/pico_int64_ops_aeabi.S.obj
LOAD CMakeFiles/Prj_Afinador.dir/home/freitas/.pico-sdk/sdk/1.5.1/src/rp2_common/pico_float/float_aeabi.S.obj
LOAD CMakeFiles/Prj_Afinador.dir/home/freitas/.pico-sdk/sdk/1.5.1/src/rp2_common/pico_float/float_init_rom.c.obj
LOAD CMakeFiles/Prj_Afinador.dir/home/freitas/.pico-sdk/sdk/1.5.1/src/rp2_common/pico_float/float_math.c.obj
LOAD CMakeFiles/Prj_Afinador.dir/home/freitas/.pico-sdk/sdk/1.5.1/src/rp2_common/pico_float/float_v1_rom_shim.S.obj
LOAD CMakeFiles/Prj_Afinador.dir/home/freitas/.pico-sdk/sdk/1.5.1/src/rp2_common/pico_malloc/pico_malloc.c.obj
LOAD CMakeFiles/Prj_Afinador.dir/home/freitas/.pico-sdk/sdk/1.5.1/src/rp2_common/pico_mem_ops/mem_ops_aeabi.S.obj
LOAD CMakeFiles/Prj_Afinador.dir/home/freitas/.pico-sdk/sdk/1.5.1/src/rp2_common/pico_standard_link/crt0.S.obj
LOAD CMakeFiles/Prj_Afinador.dir/home/freitas/.pico-sdk/sdk/1.5.1/src/rp2_common/pico_standard_link/new_delete.cpp.obj
LOAD CMakeFiles/Prj_Afinador.dir/home/freitas/.pico-sdk/sdk/1.5.1/src/rp2_common/pico_standard_link/binary_info.c.obj
LOAD CMakeFiles/Prj_Afinador.dir/home/freitas/.pico-sdk/sdk/1.5.1/src/rp2_common/pico_stdio/stdio.c.obj
LOAD CMakeFiles/Prj_Afinador.dir/home/freitas/.pico-sdk/sdk/1.5.1/src/rp2_common/hardware_i2c/i2c.c.obj
LOAD CMakeFiles/Prj_Afinador.dir/home/freitas/.pico-sdk/sdk/1.5.1/src/rp2_common/hardware_pio/pio.c.obj
LOAD CMakeFiles/Prj_Afinador.dir/home/freitas/.pico-sdk/sdk/1.5.1/src/rp2_common/hardware_adc/adc.c.obj
LOAD /tmp/cc0V75vj.o
LOAD /home/freitas/.pico-sdk/toolchain/13_2_Rel1/bin/../lib/gcc/arm-none-eabi/13.2.1/../../../../arm-none-eabi/lib/thumb/v6-m/nofp/libstdc++.a
LOAD /home/freitas/.pico-sdk/toolchain/13_2_Rel1/bin/../lib/gcc/arm-none-eabi/13.2.1/../../../../arm-none-eabi/lib/thumb/v6-m/nofp/libm.a
START GROUP
LOAD /home/freitas/.pico-sdk/toolchain/13_2_Rel1/bin/../lib/gcc/arm-none-eabi/13.2.1/thumb/v6-m/nofp/libgcc.a
LOAD /home/freitas/.pico-sdk/toolchain/13_2_Rel1/bin/../lib/gcc/arm-none-eabi/13.2.1/../../../../arm-none-eabi/lib/thumb/v6-m/nofp/libc.a
END GROUP
START GROUP
LOAD /home/freitas/.pico-sdk/toolchain/13_2_Rel1/bin/../lib/gcc/arm-none-eabi/13.2.1/thumb/v6-m/nofp/libgcc.a
LOAD /home/freitas/.pico-sdk/toolchain/13_2_Rel1/bin/../lib/gcc/arm-none-eabi/13.2.1/../../../../arm-none-eabi/lib/thumb/v6-m/nofp/libc.a
LOAD /home/freitas/.pico-sdk/toolchain/13_2_Rel1/bin/../lib/gcc/arm-none-eabi/13.2.1/../../../../arm-none-eabi/lib/thumb/v6-m/nofp/libnosys.a
END GROUP
LOAD /home/freitas/.pico-sdk/toolchain/13_2_Rel1/bin/../lib/gcc/arm-none-eabi/13.2.1/thumb/v6-m/nofp/crtend.o
LOAD /home/freitas/.pico-sdk/toolchain/13_2_Rel1/bin/../lib/gcc/arm-none-eabi/13.2.1/thumb/v6-m/nofp/crtn.o
OUTPUT(Prj_Afinador.elf elf32-littlearm)
LOAD linker stubs

.ARM.attributes
                0x00000000       0x28
 .ARM.attributes
                0x00000000       0x1e /home/freitas/.pico-sdk/toolchain/13_2_Rel1/bin/../lib/gcc/arm-none-eabi/13.2.1/thumb/v6-m/nofp/crti.o
 .ARM.attributes
                0x0000001e       0x2c /home/freitas/.pico-sdk/toolchain/13_2_Rel1/bin/../lib/gcc/arm-none-eabi/13.2.1/thumb/v6-m/nofp/crtbegin.o
 .ARM.attributes
                0x0000004a       0x2c CMakeFiles/Prj_Afinador.dir/Prj_Afinador.c.obj
 .ARM.attributes
                0x00000076       0x2c CMakeFiles/Prj_Afinador.dir/kissfft/kiss_fft.c.obj
 .ARM.attributes
                0x000000a2       0x2c CMakeFiles/Prj_Afinador.dir/kissfft/kiss_fftr.c.obj
 .ARM.attributes
                0x000000ce       0x2c CMakeFiles/Prj_Afinador.dir/inc/ssd1306_i2c.c.obj
 .ARM.attributes
                0x000000fa       0x2c CMakeFiles/Prj_Afinador.dir/home/freitas/.pico-sdk/sdk/1.5.1/src/rp2_common/hardware_gpio/gpio.c.obj
 .ARM.attributes
                0x00000126       0x2c CMakeFiles/Prj_Afinador.dir/home/freitas/.pico-sdk/sdk/1.5.1/src/rp2_common/pico_platform/platform.c.obj
 .ARM.attributes
                0x00000152       0x2c CMakeFiles/Prj_Afinador.dir/home/freitas/.pico-sdk/sdk/1.5.1/src/rp2_common/hardware_claim/claim.c.obj
 .ARM.attributes
                0x0000017e       0x2c CMakeFiles/Prj_Afinador.dir/home/freitas/.pico-sdk/sdk/1.5.1/src/rp2_common/hardware_sync/sync.c.obj
 .ARM.attributes
                0x000001aa       0x2c CMakeFiles/Prj_Afinador.dir/home/freitas/.pico-sdk/sdk/1.5.1/src/rp2_common/hardware_irq/irq.c.obj
 .ARM.attributes
                0x000001d6       0x22 CMakeFiles/Prj_Afinador.dir/home/freitas/.pico-sdk/sdk/1.5.1/src/rp2_common/hardware_irq/irq_handler_chain.S.obj
 .ARM.attributes
                0x000001f8       0x2c CMakeFiles/Prj_Afinador.dir/home/freitas/.pico-sdk/sdk/1.5.1/src/common/pico_sync/lock_core.c.obj
 .ARM.attributes
                0x00000224       0x2c CMakeFiles/Prj_Afinador.dir/home/freitas/.pico-sdk/sdk/1.5.1/src/common/pico_sync/mutex.c.obj
 .ARM.attributes
                0x00000250       0x2c CMakeFiles/Prj_Afinador.dir/home/freitas/.pico-sdk/sdk/1.5.1/src/common/pico_time/time.c.obj
 .ARM.attributes
                0x0000027c       0x2c CMakeFiles/Prj_Afinador.dir/home/freitas/.pico-sdk/sdk/1.5.1/src/rp2_common/hardware_timer/timer.c.obj
 .ARM.attributes
                0x000002a8       0x2c CMakeFiles/Prj_Afinador.dir/home/freitas/.pico-sdk/sdk/1.5.1/src/common/pico_util/pheap.c.obj
 .ARM.attributes
                0x000002d4       0x2c CMakeFiles/Prj_Afinador.dir/home/freitas/.pico-sdk/sdk/1.5.1/src/rp2_common/hardware_clocks/clocks.c.obj
 .ARM.attributes
                0x00000300       0x2c CMakeFiles/Prj_Afinador.dir/home/freitas/.pico-sdk/sdk/1.5.1/src/rp2_common/hardware_pll/pll.c.obj
 .ARM.attributes
                0x0000032c       0x2c CMakeFiles/Prj_Afinador.dir/home/freitas/.pico-sdk/sdk/1.5.1/src/rp2_common/hardware_watchdog/watchdog.c.obj
 .ARM.attributes
                0x00000358       0x2c CMakeFiles/Prj_Afinador.dir/home/freitas/.pico-sdk/sdk/1.5.1/src/rp2_common/hardware_xosc/xosc.c.obj
 .ARM.attributes
                0x00000384       0x2c CMakeFiles/Prj_Afinador.dir/home/freitas/.pico-sdk/sdk/1.5.1/src/rp2_common/pico_runtime/runtime.c.obj
 .ARM.attributes
                0x000003b0       0x2c CMakeFiles/Prj_Afinador.dir/home/freitas/.pico-sdk/sdk/1.5.1/src/rp2_common/pico_printf/printf.c.obj
 .ARM.attributes
                0x000003dc       0x22 CMakeFiles/Prj_Afinador.dir/home/freitas/.pico-sdk/sdk/1.5.1/src/rp2_common/pico_bit_ops/bit_ops_aeabi.S.obj
 .ARM.attributes
                0x000003fe       0x2c CMakeFiles/Prj_Afinador.dir/home/freitas/.pico-sdk/sdk/1.5.1/src/rp2_common/pico_bootrom/bootrom.c.obj
 .ARM.attributes
                0x0000042a       0x22 CMakeFiles/Prj_Afinador.dir/home/freitas/.pico-sdk/sdk/1.5.1/src/rp2_common/pico_divider/divider.S.obj
 .ARM.attributes
                0x0000044c       0x22 CMakeFiles/Prj_Afinador.dir/home/freitas/.pico-sdk/sdk/1.5.1/src/rp2_common/pico_double/double_aeabi.S.obj
 .ARM.attributes
                0x0000046e       0x2c CMakeFiles/Prj_Afinador.dir/home/freitas/.pico-sdk/sdk/1.5.1/src/rp2_common/pico_double/double_init_rom.c.obj
 .ARM.attributes
                0x0000049a       0x2c CMakeFiles/Prj_Afinador.dir/home/freitas/.pico-sdk/sdk/1.5.1/src/rp2_common/pico_double/double_math.c.obj
 .ARM.attributes
                0x000004c6       0x22 CMakeFiles/Prj_Afinador.dir/home/freitas/.pico-sdk/sdk/1.5.1/src/rp2_common/pico_double/double_v1_rom_shim.S.obj
 .ARM.attributes
                0x000004e8       0x22 CMakeFiles/Prj_Afinador.dir/home/freitas/.pico-sdk/sdk/1.5.1/src/rp2_common/pico_int64_ops/pico_int64_ops_aeabi.S.obj
 .ARM.attributes
                0x0000050a       0x22 CMakeFiles/Prj_Afinador.dir/home/freitas/.pico-sdk/sdk/1.5.1/src/rp2_common/pico_float/float_aeabi.S.obj
 .ARM.attributes
                0x0000052c       0x2c CMakeFiles/Prj_Afinador.dir/home/freitas/.pico-sdk/sdk/1.5.1/src/rp2_common/pico_float/float_init_rom.c.obj
 .ARM.attributes
                0x00000558       0x2c CMakeFiles/Prj_Afinador.dir/home/freitas/.pico-sdk/sdk/1.5.1/src/rp2_common/pico_float/float_math.c.obj
 .ARM.attributes
                0x00000584       0x2c CMakeFiles/Prj_Afinador.dir/home/freitas/.pico-sdk/sdk/1.5.1/src/rp2_common/pico_malloc/pico_malloc.c.obj
 .ARM.attributes
                0x000005b0       0x22 CMakeFiles/Prj_Afinador.dir/home/freitas/.pico-sdk/sdk/1.5.1/src/rp2_common/pico_mem_ops/mem_ops_aeabi.S.obj
 .ARM.attributes
                0x000005d2       0x22 CMakeFiles/Prj_Afinador.dir/home/freitas/.pico-sdk/sdk/1.5.1/src/rp2_common/pico_standard_link/crt0.S.obj
 .ARM.attributes
                0x000005f4       0x2c CMakeFiles/Prj_Afinador.dir/home/freitas/.pico-sdk/sdk/1.5.1/src/rp2_common/pico_standard_link/binary_info.c.obj
 .ARM.attributes
                0x00000620       0x2c CMakeFiles/Prj_Afinador.dir/home/freitas/.pico-sdk/sdk/1.5.1/src/rp2_common/pico_stdio/stdio.c.obj
 .ARM.attributes
                0x0000064c       0x2c CMakeFiles/Prj_Afinador.dir/home/freitas/.pico-sdk/sdk/1.5.1/src/rp2_common/hardware_i2c/i2c.c.obj
 .ARM.attributes
                0x00000678       0x2c CMakeFiles/Prj_Afinador.dir/home/freitas/.pico-sdk/sdk/1.5.1/src/rp2_common/hardware_pio/pio.c.obj
 .ARM.attributes
                0x000006a4       0x2c CMakeFiles/Prj_Afinador.dir/home/freitas/.pico-sdk/sdk/1.5.1/src/rp2_common/hardware_adc/adc.c.obj
 .ARM.attributes
                0x000006d0       0x22 /tmp/cc0V75vj.o
 .ARM.attributes
                0x000006f2       0x1e /home/freitas/.pico-sdk/toolchain/13_2_Rel1/bin/../lib/gcc/arm-none-eabi/13.2.1/thumb/v6-m/nofp/libgcc.a(_dvmd_tls.o)
 .ARM.attributes
                0x00000710       0x2c /home/freitas/.pico-sdk/toolchain/13_2_Rel1/bin/../lib/gcc/arm-none-eabi/13.2.1/../../../../arm-none-eabi/lib/thumb/v6-m/nofp/libc.a(libc_a-malloc.o)
 .ARM.attributes
                0x0000073c       0x2c /home/freitas/.pico-sdk/toolchain/13_2_Rel1/bin/../lib/gcc/arm-none-eabi/13.2.1/../../../../arm-none-eabi/lib/thumb/v6-m/nofp/libc.a(libc_a-mallocr.o)
 .ARM.attributes
                0x00000768       0x2c /home/freitas/.pico-sdk/toolchain/13_2_Rel1/bin/../lib/gcc/arm-none-eabi/13.2.1/../../../../arm-none-eabi/lib/thumb/v6-m/nofp/libc.a(libc_a-sysconf.o)
 .ARM.attributes
                0x00000794       0x2c /home/freitas/.pico-sdk/toolchain/13_2_Rel1/bin/../lib/gcc/arm-none-eabi/13.2.1/../../../../arm-none-eabi/lib/thumb/v6-m/nofp/libc.a(libc_a-mlock.o)
 .ARM.attributes
                0x000007c0       0x2c /home/freitas/.pico-sdk/toolchain/13_2_Rel1/bin/../lib/gcc/arm-none-eabi/13.2.1/../../../../arm-none-eabi/lib/thumb/v6-m/nofp/libc.a(libc_a-ctype_.o)
 .ARM.attributes
                0x000007ec       0x2c /home/freitas/.pico-sdk/toolchain/13_2_Rel1/bin/../lib/gcc/arm-none-eabi/13.2.1/../../../../arm-none-eabi/lib/thumb/v6-m/nofp/libc.a(libc_a-impure.o)
 .ARM.attributes
                0x00000818       0x2c /home/freitas/.pico-sdk/toolchain/13_2_Rel1/bin/../lib/gcc/arm-none-eabi/13.2.1/../../../../arm-none-eabi/lib/thumb/v6-m/nofp/libc.a(libc_a-findfp.o)
 .ARM.attributes
                0x00000844       0x2c /home/freitas/.pico-sdk/toolchain/13_2_Rel1/bin/../lib/gcc/arm-none-eabi/13.2.1/../../../../arm-none-eabi/lib/thumb/v6-m/nofp/libc.a(libc_a-strlen-stub.o)
 .ARM.attributes
                0x00000870       0x2c /home/freitas/.pico-sdk/toolchain/13_2_Rel1/bin/../lib/gcc/arm-none-eabi/13.2.1/../../../../arm-none-eabi/lib/thumb/v6-m/nofp/libc.a(libc_a-freer.o)
 .ARM.attributes
                0x0000089c       0x2c /home/freitas/.pico-sdk/toolchain/13_2_Rel1/bin/../lib/gcc/arm-none-eabi/13.2.1/../../../../arm-none-eabi/lib/thumb/v6-m/nofp/libc.a(libc_a-sbrkr.o)
 .ARM.attributes
                0x000008c8       0x2c /home/freitas/.pico-sdk/toolchain/13_2_Rel1/bin/../lib/gcc/arm-none-eabi/13.2.1/../../../../arm-none-eabi/lib/thumb/v6-m/nofp/libc.a(libc_a-errno.o)
 .ARM.attributes
                0x000008f4       0x2c /home/freitas/.pico-sdk/toolchain/13_2_Rel1/bin/../lib/gcc/arm-none-eabi/13.2.1/../../../../arm-none-eabi/lib/thumb/v6-m/nofp/libc.a(libc_a-lock.o)
 .ARM.attributes
                0x00000920       0x2c /home/freitas/.pico-sdk/toolchain/13_2_Rel1/bin/../lib/gcc/arm-none-eabi/13.2.1/../../../../arm-none-eabi/lib/thumb/v6-m/nofp/libc.a(libc_a-reent.o)
 .ARM.attributes
                0x0000094c       0x2c /home/freitas/.pico-sdk/toolchain/13_2_Rel1/bin/../lib/gcc/arm-none-eabi/13.2.1/thumb/v6-m/nofp/crtend.o

.comment        0x00000000       0x44
 .comment       0x00000000       0x44 CMakeFiles/Prj_Afinador.dir/Prj_Afinador.c.obj
                                 0x45 (size before relaxing)
 .comment       0x00000044       0x45 CMakeFiles/Prj_Afinador.dir/kissfft/kiss_fft.c.obj
 .comment       0x00000044       0x45 CMakeFiles/Prj_Afinador.dir/kissfft/kiss_fftr.c.obj
 .comment       0x00000044       0x45 CMakeFiles/Prj_Afinador.dir/inc/ssd1306_i2c.c.obj
 .comment       0x00000044       0x45 CMakeFiles/Prj_Afinador.dir/home/freitas/.pico-sdk/sdk/1.5.1/src/rp2_common/hardware_gpio/gpio.c.obj
 .comment       0x00000044       0x45 CMakeFiles/Prj_Afinador.dir/home/freitas/.pico-sdk/sdk/1.5.1/src/rp2_common/pico_platform/platform.c.obj
 .comment       0x00000044       0x45 CMakeFiles/Prj_Afinador.dir/home/freitas/.pico-sdk/sdk/1.5.1/src/rp2_common/hardware_claim/claim.c.obj
 .comment       0x00000044       0x45 CMakeFiles/Prj_Afinador.dir/home/freitas/.pico-sdk/sdk/1.5.1/src/rp2_common/hardware_sync/sync.c.obj
 .comment       0x00000044       0x45 CMakeFiles/Prj_Afinador.dir/home/freitas/.pico-sdk/sdk/1.5.1/src/rp2_common/hardware_irq/irq.c.obj
 .comment       0x00000044       0x45 CMakeFiles/Prj_Afinador.dir/home/freitas/.pico-sdk/sdk/1.5.1/src/common/pico_sync/lock_core.c.obj
 .comment       0x00000044       0x45 CMakeFiles/Prj_Afinador.dir/home/freitas/.pico-sdk/sdk/1.5.1/src/common/pico_sync/mutex.c.obj
 .comment       0x00000044       0x45 CMakeFiles/Prj_Afinador.dir/home/freitas/.pico-sdk/sdk/1.5.1/src/common/pico_time/time.c.obj
 .comment       0x00000044       0x45 CMakeFiles/Prj_Afinador.dir/home/freitas/.pico-sdk/sdk/1.5.1/src/rp2_common/hardware_timer/timer.c.obj
 .comment       0x00000044       0x45 CMakeFiles/Prj_Afinador.dir/home/freitas/.pico-sdk/sdk/1.5.1/src/common/pico_util/pheap.c.obj
 .comment       0x00000044       0x45 CMakeFiles/Prj_Afinador.dir/home/freitas/.pico-sdk/sdk/1.5.1/src/rp2_common/hardware_clocks/clocks.c.obj
 .comment       0x00000044       0x45 CMakeFiles/Prj_Afinador.dir/home/freitas/.pico-sdk/sdk/1.5.1/src/rp2_common/hardware_pll/pll.c.obj
 .comment       0x00000044       0x45 CMakeFiles/Prj_Afinador.dir/home/freitas/.pico-sdk/sdk/1.5.1/src/rp2_common/hardware_watchdog/watchdog.c.obj
 .comment       0x00000044       0x45 CMakeFiles/Prj_Afinador.dir/home/freitas/.pico-sdk/sdk/1.5.1/src/rp2_common/hardware_xosc/xosc.c.obj
 .comment       0x00000044       0x45 CMakeFiles/Prj_Afinador.dir/home/freitas/.pico-sdk/sdk/1.5.1/src/rp2_common/pico_runtime/runtime.c.obj
 .comment       0x00000044       0x45 CMakeFiles/Prj_Afinador.dir/home/freitas/.pico-sdk/sdk/1.5.1/src/rp2_common/pico_printf/printf.c.obj
 .comment       0x00000044       0x45 CMakeFiles/Prj_Afinador.dir/home/freitas/.pico-sdk/sdk/1.5.1/src/rp2_common/pico_bootrom/bootrom.c.obj
 .comment       0x00000044       0x45 CMakeFiles/Prj_Afinador.dir/home/freitas/.pico-sdk/sdk/1.5.1/src/rp2_common/pico_double/double_init_rom.c.obj
 .comment       0x00000044       0x45 CMakeFiles/Prj_Afinador.dir/home/freitas/.pico-sdk/sdk/1.5.1/src/rp2_common/pico_double/double_math.c.obj
 .comment       0x00000044       0x45 CMakeFiles/Prj_Afinador.dir/home/freitas/.pico-sdk/sdk/1.5.1/src/rp2_common/pico_float/float_init_rom.c.obj
 .comment       0x00000044       0x45 CMakeFiles/Prj_Afinador.dir/home/freitas/.pico-sdk/sdk/1.5.1/src/rp2_common/pico_float/float_math.c.obj
 .comment       0x00000044       0x45 CMakeFiles/Prj_Afinador.dir/home/freitas/.pico-sdk/sdk/1.5.1/src/rp2_common/pico_malloc/pico_malloc.c.obj
 .comment       0x00000044       0x45 CMakeFiles/Prj_Afinador.dir/home/freitas/.pico-sdk/sdk/1.5.1/src/rp2_common/pico_standard_link/binary_info.c.obj
 .comment       0x00000044       0x45 CMakeFiles/Prj_Afinador.dir/home/freitas/.pico-sdk/sdk/1.5.1/src/rp2_common/pico_stdio/stdio.c.obj
 .comment       0x00000044       0x45 CMakeFiles/Prj_Afinador.dir/home/freitas/.pico-sdk/sdk/1.5.1/src/rp2_common/hardware_i2c/i2c.c.obj
 .comment       0x00000044       0x45 CMakeFiles/Prj_Afinador.dir/home/freitas/.pico-sdk/sdk/1.5.1/src/rp2_common/hardware_pio/pio.c.obj
 .comment       0x00000044       0x45 CMakeFiles/Prj_Afinador.dir/home/freitas/.pico-sdk/sdk/1.5.1/src/rp2_common/hardware_adc/adc.c.obj

.debug_line_str
                0x00000000       0xc2
 .debug_line_str
                0x00000000       0xc2 /home/freitas/.pico-sdk/toolchain/13_2_Rel1/bin/../lib/gcc/arm-none-eabi/13.2.1/thumb/v6-m/nofp/libgcc.a(_dvmd_tls.o)

.debug_frame    0x00000000      0x3e8
 .debug_frame   0x00000000       0x40 /home/freitas/.pico-sdk/toolchain/13_2_Rel1/bin/../lib/gcc/arm-none-eabi/13.2.1/../../../../arm-none-eabi/lib/thumb/v6-m/nofp/libc.a(libc_a-malloc.o)
 .debug_frame   0x00000040       0x3c /home/freitas/.pico-sdk/toolchain/13_2_Rel1/bin/../lib/gcc/arm-none-eabi/13.2.1/../../../../arm-none-eabi/lib/thumb/v6-m/nofp/libc.a(libc_a-mallocr.o)
 .debug_frame   0x0000007c       0x28 /home/freitas/.pico-sdk/toolchain/13_2_Rel1/bin/../lib/gcc/arm-none-eabi/13.2.1/../../../../arm-none-eabi/lib/thumb/v6-m/nofp/libc.a(libc_a-sysconf.o)
 .debug_frame   0x000000a4       0x40 /home/freitas/.pico-sdk/toolchain/13_2_Rel1/bin/../lib/gcc/arm-none-eabi/13.2.1/../../../../arm-none-eabi/lib/thumb/v6-m/nofp/libc.a(libc_a-mlock.o)
 .debug_frame   0x000000e4       0x20 /home/freitas/.pico-sdk/toolchain/13_2_Rel1/bin/../lib/gcc/arm-none-eabi/13.2.1/../../../../arm-none-eabi/lib/thumb/v6-m/nofp/libc.a(libc_a-ctype_.o)
 .debug_frame   0x00000104      0x138 /home/freitas/.pico-sdk/toolchain/13_2_Rel1/bin/../lib/gcc/arm-none-eabi/13.2.1/../../../../arm-none-eabi/lib/thumb/v6-m/nofp/libc.a(libc_a-findfp.o)
 .debug_frame   0x0000023c       0x28 /home/freitas/.pico-sdk/toolchain/13_2_Rel1/bin/../lib/gcc/arm-none-eabi/13.2.1/../../../../arm-none-eabi/lib/thumb/v6-m/nofp/libc.a(libc_a-strlen-stub.o)
 .debug_frame   0x00000264       0x5c /home/freitas/.pico-sdk/toolchain/13_2_Rel1/bin/../lib/gcc/arm-none-eabi/13.2.1/../../../../arm-none-eabi/lib/thumb/v6-m/nofp/libc.a(libc_a-freer.o)
 .debug_frame   0x000002c0       0x2c /home/freitas/.pico-sdk/toolchain/13_2_Rel1/bin/../lib/gcc/arm-none-eabi/13.2.1/../../../../arm-none-eabi/lib/thumb/v6-m/nofp/libc.a(libc_a-sbrkr.o)
 .debug_frame   0x000002ec       0x20 /home/freitas/.pico-sdk/toolchain/13_2_Rel1/bin/../lib/gcc/arm-none-eabi/13.2.1/../../../../arm-none-eabi/lib/thumb/v6-m/nofp/libc.a(libc_a-errno.o)
 .debug_frame   0x0000030c       0xb0 /home/freitas/.pico-sdk/toolchain/13_2_Rel1/bin/../lib/gcc/arm-none-eabi/13.2.1/../../../../arm-none-eabi/lib/thumb/v6-m/nofp/libc.a(libc_a-lock.o)
 .debug_frame   0x000003bc       0x2c /home/freitas/.pico-sdk/toolchain/13_2_Rel1/bin/../lib/gcc/arm-none-eabi/13.2.1/../../../../arm-none-eabi/lib/thumb/v6-m/nofp/libc.a(libc_a-reent.o)